
Magic 8.3 revision 500 - Compiled on IST 18:42:42 2024 נוב 17 א'.
Starting magic under Tcl interpreter
Using the terminal as the console.
Using NULL graphics device.
Processing system .magicrc file
Sourcing design .magicrc for technology gf180mcuD ...
10 Magic internal units = 1 Lambda
Input style import: scaleFactor=10, multiplier=2
The following types are not handled by extraction and will be treated as non-electrical types:
    obsactive mvobsactive filldiff fillpoly m1hole obsm1 fillm1 obsv1 m2hole obsm2 fillm2 obsv2 m3hole obsm3 fillm3 m4hole obsm4 fillm4 m5hole obsm5 fillm5 glass fillblock lvstext obscomment 
Scaled tech values by 10 / 1 to match internal grid scaling
Loading gf180mcuD Device Generator Menu ...
Using technology "gf180mcuD", version 1.0.532-2-gc6d73a3
Warning: Calma reading is not undoable!  I hope that's OK.
Library written using GDS-II Release 6.0
Library name: LIB
Reading "detronyx_12t_2w2r_rc4_4x4_routed_5layer_direct".
Reading "gf180mcu_as_sc_mcu7t3v3__nor2_2".
CIF file read warning: CIF style import: units rescaled by factor of 5 / 1
Reading "gf180mcu_as_sc_mcu7t3v3__nand4_2".
Reading "gf180mcu_as_sc_mcu7t3v3__nand3_2".
Reading "gf180mcu_as_sc_mcu7t3v3__nand2_2".
Reading "gf180mcu_as_sc_mcu7t3v3__inv_2".
Reading "gf180mcu_3v3_12t_2r2w_sram_1024x8_stdcell_control_signal_routes".
Reading "gf180mcu_3v3_12t_2r2w_sram_1024x8_column_periphery_routes".
Reading "detronyx_12t_write_driver_rc1".
Reading "detronyx_12t_precharge_sense_rc1".
Reading "gf180mcu_3v3_12t_2r2w_sram_1024x8_array_control_core".
Reading "gf180mcu_3v3_12t_2r2w_sram_1024x8".
Reading "gf180mcu_as_sc_mcu7t3v3__xor2_4".
Reading "gf180mcu_as_sc_mcu7t3v3__xor2_2".
Reading "gf180mcu_as_sc_mcu7t3v3__xnor2_4".
Reading "gf180mcu_as_sc_mcu7t3v3__xnor2_2".
Reading "gf180mcu_as_sc_mcu7t3v3__tiel_4".
Reading "gf180mcu_as_sc_mcu7t3v3__tieh_4".
Reading "gf180mcu_as_sc_mcu7t3v3__tap_2".
Reading "gf180mcu_as_sc_mcu7t3v3__or2_4".
Reading "gf180mcu_as_sc_mcu7t3v3__or2_2".
Reading "gf180mcu_as_sc_mcu7t3v3__oai211_2".
Reading "gf180mcu_as_sc_mcu7t3v3__nor3_2".
Reading "gf180mcu_as_sc_mcu7t3v3__nor2b_4".
Reading "gf180mcu_as_sc_mcu7t3v3__nor2b_2".
Reading "gf180mcu_as_sc_mcu7t3v3__nor2_4".
Reading "gf180mcu_as_sc_mcu7t3v3__nand2b_4".
Reading "gf180mcu_as_sc_mcu7t3v3__nand2b_2".
Reading "gf180mcu_as_sc_mcu7t3v3__nand2_4".
Reading "gf180mcu_as_sc_mcu7t3v3__mux2_4".
Reading "gf180mcu_as_sc_mcu7t3v3__mux2_2".
Reading "gf180mcu_as_sc_mcu7t3v3__maj3_4".
Reading "gf180mcu_as_sc_mcu7t3v3__maj3_2".
Reading "gf180mcu_as_sc_mcu7t3v3__invz_2".
Reading "gf180mcu_as_sc_mcu7t3v3__inv_6".
Reading "gf180mcu_as_sc_mcu7t3v3__inv_4".
Reading "gf180mcu_as_sc_mcu7t3v3__hcf_7".
Reading "gf180mcu_as_sc_mcu7t3v3__fillcap_8".
Reading "gf180mcu_as_sc_mcu7t3v3__fillcap_4".
Reading "gf180mcu_as_sc_mcu7t3v3__fillcap_16".
Reading "gf180mcu_as_sc_mcu7t3v3__fill_8".
Reading "gf180mcu_as_sc_mcu7t3v3__fill_4".
Reading "gf180mcu_as_sc_mcu7t3v3__fill_2".
Reading "gf180mcu_as_sc_mcu7t3v3__fill_1".
Reading "gf180mcu_as_sc_mcu7t3v3__dlybuff_4".
Reading "gf180mcu_as_sc_mcu7t3v3__dlybuff_2".
Reading "gf180mcu_as_sc_mcu7t3v3__diode_2".
Reading "gf180mcu_as_sc_mcu7t3v3__dfxtp_4".
Reading "gf180mcu_as_sc_mcu7t3v3__dfxtp_2".
Reading "gf180mcu_as_sc_mcu7t3v3__dfxtn_2".
Reading "gf180mcu_as_sc_mcu7t3v3__dfsrtp_2".
Reading "gf180mcu_as_sc_mcu7t3v3__clkbuff_8".
Reading "gf180mcu_as_sc_mcu7t3v3__clkbuff_4".
Reading "gf180mcu_as_sc_mcu7t3v3__clkbuff_12".
Reading "gf180mcu_as_sc_mcu7t3v3__buff_8".
Reading "gf180mcu_as_sc_mcu7t3v3__buff_4".
Reading "gf180mcu_as_sc_mcu7t3v3__buff_2".
Reading "gf180mcu_as_sc_mcu7t3v3__buff_16".
Reading "gf180mcu_as_sc_mcu7t3v3__buff_12".
Reading "gf180mcu_as_sc_mcu7t3v3__aoi31_4".
Reading "gf180mcu_as_sc_mcu7t3v3__aoi31_2".
Reading "gf180mcu_as_sc_mcu7t3v3__aoi22_4".
Reading "gf180mcu_as_sc_mcu7t3v3__aoi22_2".
Reading "gf180mcu_as_sc_mcu7t3v3__aoi21b_4".
Reading "gf180mcu_as_sc_mcu7t3v3__aoi21b_2".
Reading "gf180mcu_as_sc_mcu7t3v3__aoi21_4".
Reading "gf180mcu_as_sc_mcu7t3v3__aoi21_2".
Reading "gf180mcu_as_sc_mcu7t3v3__aoi211_4".
Reading "gf180mcu_as_sc_mcu7t3v3__aoi211_2".
Reading "gf180mcu_as_sc_mcu7t3v3__ao31_4".
Reading "gf180mcu_as_sc_mcu7t3v3__ao31_2".
Reading "gf180mcu_as_sc_mcu7t3v3__ao22_4".
Reading "gf180mcu_as_sc_mcu7t3v3__ao22_2".
Reading "gf180mcu_as_sc_mcu7t3v3__ao21b_4".
Reading "gf180mcu_as_sc_mcu7t3v3__ao21b_2".
Reading "gf180mcu_as_sc_mcu7t3v3__ao21_4".
Reading "gf180mcu_as_sc_mcu7t3v3__ao21_2".
Reading "gf180mcu_as_sc_mcu7t3v3__ao211_4".
Reading "gf180mcu_as_sc_mcu7t3v3__ao211_2".
Reading "gf180mcu_as_sc_mcu7t3v3__and2_4".
Reading "gf180mcu_as_sc_mcu7t3v3__and2_2".
The following types are not handled by extraction and will be treated as non-electrical types:
    obsactive mvobsactive filldiff fillpoly m1hole obsm1 fillm1 obsv1 m2hole obsm2 fillm2 obsv2 m3hole obsm3 fillm3 m4hole obsm4 fillm4 m5hole obsm5 fillm5 glass fillblock lvstext obscomment 
Extraction style is now "ngspice()"
Processing detronyx_12t_precharge_sense_rc1
Processing detronyx_12t_write_driver_rc1
Processing detronyx_12t_2w2r_rc4_4x4_routed_5layer_direct
Processing gf180mcu_as_sc_mcu7t3v3__inv_2
Processing gf180mcu_as_sc_mcu7t3v3__nand4_2
Processing gf180mcu_as_sc_mcu7t3v3__nand2_2
Processing gf180mcu_as_sc_mcu7t3v3__nor2_2
Processing gf180mcu_as_sc_mcu7t3v3__nand3_2
Processing gf180mcu_3v3_12t_2r2w_sram_1024x8_stdcell_control_signal_routes
Processing gf180mcu_3v3_12t_2r2w_sram_1024x8_array_control_core
Processing gf180mcu_3v3_12t_2r2w_sram_1024x8_column_periphery_routes
Processing gf180mcu_3v3_12t_2r2w_sram_1024x8
Extracting detronyx_12t_precharge_sense_rc1 into /home/yevhenii/gf180mcu-3v3-12t-2r2w-sram-macro/reports/full_gds_lvs_pex_no_rc_all/gf180mcu_3v3_12t_2r2w_sram_1024x8/extfiles/detronyx_12t_precharge_sense_rc1.ext:
Extracting detronyx_12t_write_driver_rc1 into /home/yevhenii/gf180mcu-3v3-12t-2r2w-sram-macro/reports/full_gds_lvs_pex_no_rc_all/gf180mcu_3v3_12t_2r2w_sram_1024x8/extfiles/detronyx_12t_write_driver_rc1.ext:
Extracting detronyx_12t_2w2r_rc4_4x4_routed_5layer_direct into /home/yevhenii/gf180mcu-3v3-12t-2r2w-sram-macro/reports/full_gds_lvs_pex_no_rc_all/gf180mcu_3v3_12t_2r2w_sram_1024x8/extfiles/detronyx_12t_2w2r_rc4_4x4_routed_5layer_direct.ext:
Extracting gf180mcu_as_sc_mcu7t3v3__inv_2 into /home/yevhenii/gf180mcu-3v3-12t-2r2w-sram-macro/reports/full_gds_lvs_pex_no_rc_all/gf180mcu_3v3_12t_2r2w_sram_1024x8/extfiles/gf180mcu_as_sc_mcu7t3v3__inv_2.ext:
Extracting gf180mcu_as_sc_mcu7t3v3__nand4_2 into /home/yevhenii/gf180mcu-3v3-12t-2r2w-sram-macro/reports/full_gds_lvs_pex_no_rc_all/gf180mcu_3v3_12t_2r2w_sram_1024x8/extfiles/gf180mcu_as_sc_mcu7t3v3__nand4_2.ext:
Extracting gf180mcu_as_sc_mcu7t3v3__nand2_2 into /home/yevhenii/gf180mcu-3v3-12t-2r2w-sram-macro/reports/full_gds_lvs_pex_no_rc_all/gf180mcu_3v3_12t_2r2w_sram_1024x8/extfiles/gf180mcu_as_sc_mcu7t3v3__nand2_2.ext:
Extracting gf180mcu_as_sc_mcu7t3v3__nor2_2 into /home/yevhenii/gf180mcu-3v3-12t-2r2w-sram-macro/reports/full_gds_lvs_pex_no_rc_all/gf180mcu_3v3_12t_2r2w_sram_1024x8/extfiles/gf180mcu_as_sc_mcu7t3v3__nor2_2.ext:
Extracting gf180mcu_as_sc_mcu7t3v3__nand3_2 into /home/yevhenii/gf180mcu-3v3-12t-2r2w-sram-macro/reports/full_gds_lvs_pex_no_rc_all/gf180mcu_3v3_12t_2r2w_sram_1024x8/extfiles/gf180mcu_as_sc_mcu7t3v3__nand3_2.ext:
Extracting gf180mcu_3v3_12t_2r2w_sram_1024x8_stdcell_control_signal_routes into /home/yevhenii/gf180mcu-3v3-12t-2r2w-sram-macro/reports/full_gds_lvs_pex_no_rc_all/gf180mcu_3v3_12t_2r2w_sram_1024x8/extfiles/gf180mcu_3v3_12t_2r2w_sram_1024x8_stdcell_control_signal_routes.ext:
Extracting gf180mcu_3v3_12t_2r2w_sram_1024x8_array_control_core into /home/yevhenii/gf180mcu-3v3-12t-2r2w-sram-macro/reports/full_gds_lvs_pex_no_rc_all/gf180mcu_3v3_12t_2r2w_sram_1024x8/extfiles/gf180mcu_3v3_12t_2r2w_sram_1024x8_array_control_core.ext:
Extracting gf180mcu_3v3_12t_2r2w_sram_1024x8_column_periphery_routes into /home/yevhenii/gf180mcu-3v3-12t-2r2w-sram-macro/reports/full_gds_lvs_pex_no_rc_all/gf180mcu_3v3_12t_2r2w_sram_1024x8/extfiles/gf180mcu_3v3_12t_2r2w_sram_1024x8_column_periphery_routes.ext:
Extracting gf180mcu_3v3_12t_2r2w_sram_1024x8 into /home/yevhenii/gf180mcu-3v3-12t-2r2w-sram-macro/reports/full_gds_lvs_pex_no_rc_all/gf180mcu_3v3_12t_2r2w_sram_1024x8/extfiles/gf180mcu_3v3_12t_2r2w_sram_1024x8.ext:
exttosim finished.
exttospice finished.
