Netgen 1.5.133 compiled on Thu Dec  1 22:32:11 UTC 2022
Warning: netgen command 'global' use fully-qualified name '::netgen::global'
Reading netlist file reports/lvs_gate/reports_local_signoff_full_gf180mcu_3v3_12t_2r2w_sram_1024x32_pex_gf180mcu_3v3_12t_2r2w_sram_1024x32.current_pdk.spice/layout/layout.current_pdk.spice
Call to undefined subcircuit nfet_03v3
Creating placeholder cell definition.
Call to undefined subcircuit pfet_03v3
Creating placeholder cell definition.
Reading netlist file reports/lvs_gate/reports_local_signoff_full_gf180mcu_3v3_12t_2r2w_sram_1024x32_pex_gf180mcu_3v3_12t_2r2w_sram_1024x32.current_pdk.spice/lvs/detronyx_12t_2w2r_rc4_4x4_routed_5layer_direct.independent_reference.cdl
Call to undefined subcircuit pfet_03v3
Creating placeholder cell definition.
Call to undefined subcircuit nfet_03v3
Creating placeholder cell definition.
Reading setup file /home/yevhenii/IHP-Open-PDK/gf180mcuD/libs.tech/netgen/setup.tcl
Model nfet_03v3 pin 1 == 3
No property par1 found for device nfet_03v3
No property NRD found for device nfet_03v3
No property NRS found for device nfet_03v3
No property par found for device nfet_03v3
No property sa found for device nfet_03v3
No property sb found for device nfet_03v3
No property sd found for device nfet_03v3
No property par found for device nfet_03v3
No property dtemp found for device nfet_03v3
No property nf found for device nfet_03v3
Model nfet_03v3 pin 1 == 3
No property par1 found for device nfet_03v3
No property NRD found for device nfet_03v3
No property NRS found for device nfet_03v3
No property par found for device nfet_03v3
No property sa found for device nfet_03v3
No property sb found for device nfet_03v3
No property sd found for device nfet_03v3
No property par found for device nfet_03v3
No property dtemp found for device nfet_03v3
No property nf found for device nfet_03v3
No property as found for device nfet_03v3
No property ad found for device nfet_03v3
No property ps found for device nfet_03v3
No property pd found for device nfet_03v3
Model pfet_03v3 pin 1 == 3
No property par1 found for device pfet_03v3
No property NRD found for device pfet_03v3
No property NRS found for device pfet_03v3
No property par found for device pfet_03v3
No property sa found for device pfet_03v3
No property sb found for device pfet_03v3
No property sd found for device pfet_03v3
No property par found for device pfet_03v3
No property dtemp found for device pfet_03v3
No property nf found for device pfet_03v3
Model pfet_03v3 pin 1 == 3
No property par1 found for device pfet_03v3
No property NRD found for device pfet_03v3
No property NRS found for device pfet_03v3
No property par found for device pfet_03v3
No property sa found for device pfet_03v3
No property sb found for device pfet_03v3
No property sd found for device pfet_03v3
No property par found for device pfet_03v3
No property dtemp found for device pfet_03v3
No property nf found for device pfet_03v3
No property as found for device pfet_03v3
No property ad found for device pfet_03v3
No property ps found for device pfet_03v3
No property pd found for device pfet_03v3
Comparison output logged to file reports/lvs_gate/reports_local_signoff_full_gf180mcu_3v3_12t_2r2w_sram_1024x32_pex_gf180mcu_3v3_12t_2r2w_sram_1024x32.current_pdk.spice/lvs/detronyx_12t_2w2r_rc4_4x4_routed_5layer_direct.netgen_lvs.log
Logging to file "reports/lvs_gate/reports_local_signoff_full_gf180mcu_3v3_12t_2r2w_sram_1024x32_pex_gf180mcu_3v3_12t_2r2w_sram_1024x32.current_pdk.spice/lvs/detronyx_12t_2w2r_rc4_4x4_routed_5layer_direct.netgen_lvs.log" enabled
Contents of circuit 1:  Circuit: 'detronyx_12t_2w2r_rc4_4x4_routed_5layer_direct'
Circuit detronyx_12t_2w2r_rc4_4x4_routed_5layer_direct contains 192 device instances.
  Class: nfet_03v3             instances: 160
  Class: pfet_03v3             instances:  32
Circuit contains 123 nets.
Contents of circuit 2:  Circuit: 'detronyx_12t_2w2r_rc4_4x4_routed_5layer_direct'
Circuit detronyx_12t_2w2r_rc4_4x4_routed_5layer_direct contains 192 device instances.
  Class: nfet_03v3             instances: 160
  Class: pfet_03v3             instances:  32
Circuit contains 123 nets.

Circuit 1 contains 192 devices, Circuit 2 contains 192 devices.
Circuit 1 contains 123 nets,    Circuit 2 contains 123 nets.

Circuits match with 17 symmetries.
Netlists match uniquely.
Circuits match correctly.
Result: Circuits match uniquely.
Logging to file "reports/lvs_gate/reports_local_signoff_full_gf180mcu_3v3_12t_2r2w_sram_1024x32_pex_gf180mcu_3v3_12t_2r2w_sram_1024x32.current_pdk.spice/lvs/detronyx_12t_2w2r_rc4_4x4_routed_5layer_direct.netgen_lvs.log" disabled
LVS Done.
