
Subcircuit summary:
Circuit 1: detronyx_12t_2w2r_rc4_4x4_route |Circuit 2: detronyx_12t_2w2r_rc4_4x4_route 
-------------------------------------------|-------------------------------------------
nfet_03v3 (160)                            |nfet_03v3 (160)                            
pfet_03v3 (32)                             |pfet_03v3 (32)                             
Number of devices: 192                     |Number of devices: 192                     
Number of nets: 123                        |Number of nets: 123                        
---------------------------------------------------------------------------------------
Netlists match uniquely.
Circuits match correctly.

Subcircuit pins:
Circuit 1: detronyx_12t_2w2r_rc4_4x4_route |Circuit 2: detronyx_12t_2w2r_rc4_4x4_route 
-------------------------------------------|-------------------------------------------
VSS                                        |VSS                                        
VDD                                        |VDD                                        
VSUBS                                      |(no matching pin)                          
c2_w0_bl                                   |c2_w0_bl                                   
c3_w1_bl                                   |c3_w1_bl                                   
c3_w0_bl                                   |c3_w0_bl                                   
c1_w1_bl                                   |c1_w1_bl                                   
c2_w1_bl                                   |c2_w1_bl                                   
c1_w0_bl                                   |c1_w0_bl                                   
c0_w0_bl                                   |c0_w0_bl                                   
c0_w1_bl                                   |c0_w1_bl                                   
c2_w0_br                                   |c2_w0_br                                   
c1_w1_br                                   |c1_w1_br                                   
c0_w1_br                                   |c0_w1_br                                   
c3_w0_br                                   |c3_w0_br                                   
c1_w0_br                                   |c1_w0_br                                   
c3_w1_br                                   |c3_w1_br                                   
c2_w1_br                                   |c2_w1_br                                   
c0_w0_br                                   |c0_w0_br                                   
c2_r0_rbl                                  |c2_r0_rbl                                  
c3_r0_rbl                                  |c3_r0_rbl                                  
c0_r0_rbl                                  |c0_r0_rbl                                  
c1_r0_rbl                                  |c1_r0_rbl                                  
c3_r1_rbl                                  |c3_r1_rbl                                  
c2_r1_rbl                                  |c2_r1_rbl                                  
c0_r1_rbl                                  |c0_r1_rbl                                  
c1_r1_rbl                                  |c1_r1_rbl                                  
r3_r0_rwl                                  |r3_r0_rwl                                  
r1_r0_rwl                                  |r1_r0_rwl                                  
r3_r1_rwl                                  |r3_r1_rwl                                  
r0_r0_rwl                                  |r0_r0_rwl                                  
r0_r1_rwl                                  |r0_r1_rwl                                  
r2_r0_rwl                                  |r2_r0_rwl                                  
r1_r1_rwl                                  |r1_r1_rwl                                  
r2_r1_rwl                                  |r2_r1_rwl                                  
r0_w1_wl                                   |r0_w1_wl                                   
r0_w0_wl                                   |r0_w0_wl                                   
r3_w1_wl                                   |r3_w1_wl                                   
r1_w1_wl                                   |r1_w1_wl                                   
r3_w0_wl                                   |r3_w0_wl                                   
r1_w0_wl                                   |r1_w0_wl                                   
r2_w1_wl                                   |r2_w1_wl                                   
r2_w0_wl                                   |r2_w0_wl                                   
---------------------------------------------------------------------------------------
Cell pin lists for detronyx_12t_2w2r_rc4_4x4_routed_5layer_direct and detronyx_12t_2w2r_rc4_4x4_routed_5layer_direct altered to match.
Circuits match uniquely.
