Netgen 1.5.133 compiled on Thu Dec  1 22:32:11 UTC 2022
Warning: netgen command 'global' use fully-qualified name '::netgen::global'
Reading netlist file reports/lvs_gate/reports_local_signoff_full_gf180mcu_3v3_12t_2r2w_sram_1024x32_pex_gf180mcu_3v3_12t_2r2w_sram_1024x32.current_pdk.spice/lvs/gf180mcu_3v3_12t_2r2w_sram_1024x32.layout_blackbox.spice
Reading netlist file reports/lvs_gate/reports_local_signoff_full_gf180mcu_3v3_12t_2r2w_sram_1024x32_pex_gf180mcu_3v3_12t_2r2w_sram_1024x32.current_pdk.spice/lvs/gf180mcu_3v3_12t_2r2w_sram_1024x32.reference_blackbox.cdl
Reading setup file /home/yevhenii/IHP-Open-PDK/gf180mcuD/libs.tech/netgen/setup.tcl
Comparison output logged to file reports/lvs_gate/reports_local_signoff_full_gf180mcu_3v3_12t_2r2w_sram_1024x32_pex_gf180mcu_3v3_12t_2r2w_sram_1024x32.current_pdk.spice/lvs/gf180mcu_3v3_12t_2r2w_sram_1024x32.macro_top.netgen_lvs.log
Logging to file "reports/lvs_gate/reports_local_signoff_full_gf180mcu_3v3_12t_2r2w_sram_1024x32_pex_gf180mcu_3v3_12t_2r2w_sram_1024x32.current_pdk.spice/lvs/gf180mcu_3v3_12t_2r2w_sram_1024x32.macro_top.netgen_lvs.log" enabled
Contents of circuit 1:  Circuit: 'detronyx_12t_2w2r_rc4_4x4_routed_5layer_direct'
Circuit detronyx_12t_2w2r_rc4_4x4_routed_5layer_direct contains 0 device instances.
Circuit contains 0 nets, and 43 disconnected pins.
Contents of circuit 2:  Circuit: 'detronyx_12t_2w2r_rc4_4x4_routed_5layer_direct'
Circuit detronyx_12t_2w2r_rc4_4x4_routed_5layer_direct contains 0 device instances.
Circuit contains 0 nets, and 43 disconnected pins.

Circuit detronyx_12t_2w2r_rc4_4x4_routed_5layer_direct contains no devices.
Contents of circuit 1:  Circuit: 'gf180mcu_3v3_12t_2r2w_sram_1024x32'
Circuit gf180mcu_3v3_12t_2r2w_sram_1024x32 contains 2048 device instances.
  Class: detronyx_12t_2w2r_rc4_4x4_routed_5layer_direct instances: 2048
Circuit contains 81923 nets, and 173 disconnected pins.
Contents of circuit 2:  Circuit: 'gf180mcu_3v3_12t_2r2w_sram_1024x32'
Circuit gf180mcu_3v3_12t_2r2w_sram_1024x32 contains 2048 device instances.
  Class: detronyx_12t_2w2r_rc4_4x4_routed_5layer_direct instances: 2048
Circuit contains 81923 nets, and 173 disconnected pins.

Circuit 1 contains 2048 devices, Circuit 2 contains 2048 devices.
Circuit 1 contains 81923 nets,    Circuit 2 contains 81923 nets.

Circuits match with 41 symmetries.
Netlists match uniquely.
Circuits match correctly.
Result: Circuits match uniquely.
Logging to file "reports/lvs_gate/reports_local_signoff_full_gf180mcu_3v3_12t_2r2w_sram_1024x32_pex_gf180mcu_3v3_12t_2r2w_sram_1024x32.current_pdk.spice/lvs/gf180mcu_3v3_12t_2r2w_sram_1024x32.macro_top.netgen_lvs.log" disabled
LVS Done.
