
Magic 8.3 revision 500 - Compiled on IST 18:42:42 2024 נוב 17 א'.
Starting magic under Tcl interpreter
Using the terminal as the console.
Using NULL graphics device.
Processing system .magicrc file
Sourcing design .magicrc for technology gf180mcuD ...
10 Magic internal units = 1 Lambda
Input style import: scaleFactor=10, multiplier=2
The following types are not handled by extraction and will be treated as non-electrical types:
    obsactive mvobsactive filldiff fillpoly m1hole obsm1 fillm1 obsv1 m2hole obsm2 fillm2 obsv2 m3hole obsm3 fillm3 m4hole obsm4 fillm4 m5hole obsm5 fillm5 glass fillblock lvstext obscomment 
Scaled tech values by 10 / 1 to match internal grid scaling
Loading gf180mcuD Device Generator Menu ...
Using technology "gf180mcuD", version 1.0.532-2-gc6d73a3
Cell gf180mcu_3v3_12t_2r2w_sram_512x32 read from current working directory
DRC style is now "drc(full)"
Cell detronyx_12t_2w2r_rc4_4x4_routed_5layer_direct read from current working directory
Processing timestamp mismatches.
Timestamp mismatches found in these cells: detronyx_12t_2w2r_rc4_4x4_routed_5layer_direct.
Total DRC errors found: 0
Loading DRC CIF style.
/home/yevhenii/IHP-Open-PDK/gf180mcuD/libs.tech/magic/gf180mcuD.tech: line 2547: section drc:
	Unknown cif layer: ndiff_missing_pwell
/home/yevhenii/IHP-Open-PDK/gf180mcuD/libs.tech/magic/gf180mcuD.tech: line 2549: section drc:
	Unknown cif layer: mvndiff_missing_pwell
