Netgen 1.5.133 compiled on Thu Dec  1 22:32:11 UTC 2022
Warning: netgen command 'global' use fully-qualified name '::netgen::global'
Reading netlist file reports/periphery_block_leaves/detronyx_12t_write_conflict_rc1/layout/detronyx_12t_write_conflict_rc1.current_pdk.spice
Call to undefined subcircuit nfet_03v3
Creating placeholder cell definition.
Call to undefined subcircuit pfet_03v3
Creating placeholder cell definition.
Reading netlist file reports/periphery_block_leaves/detronyx_12t_write_conflict_rc1/abstract/detronyx_12t_write_conflict_rc1.reference.cdl
Call to undefined subcircuit nfet_03v3
Creating placeholder cell definition.
Call to undefined subcircuit pfet_03v3
Creating placeholder cell definition.
Reading setup file /home/yevhenii/IHP-Open-PDK/gf180mcuD/libs.tech/netgen/setup.tcl
Model nfet_03v3 pin 1 == 3
No property par1 found for device nfet_03v3
No property NRD found for device nfet_03v3
No property NRS found for device nfet_03v3
No property par found for device nfet_03v3
No property sa found for device nfet_03v3
No property sb found for device nfet_03v3
No property sd found for device nfet_03v3
No property par found for device nfet_03v3
No property dtemp found for device nfet_03v3
No property nf found for device nfet_03v3
Model nfet_03v3 pin 1 == 3
No property par1 found for device nfet_03v3
No property NRD found for device nfet_03v3
No property NRS found for device nfet_03v3
No property par found for device nfet_03v3
No property sa found for device nfet_03v3
No property sb found for device nfet_03v3
No property sd found for device nfet_03v3
No property par found for device nfet_03v3
No property dtemp found for device nfet_03v3
No property nf found for device nfet_03v3
No property as found for device nfet_03v3
No property ad found for device nfet_03v3
No property ps found for device nfet_03v3
No property pd found for device nfet_03v3
Model pfet_03v3 pin 1 == 3
No property par1 found for device pfet_03v3
No property NRD found for device pfet_03v3
No property NRS found for device pfet_03v3
No property par found for device pfet_03v3
No property sa found for device pfet_03v3
No property sb found for device pfet_03v3
No property sd found for device pfet_03v3
No property par found for device pfet_03v3
No property dtemp found for device pfet_03v3
No property nf found for device pfet_03v3
Model pfet_03v3 pin 1 == 3
No property par1 found for device pfet_03v3
No property NRD found for device pfet_03v3
No property NRS found for device pfet_03v3
No property par found for device pfet_03v3
No property sa found for device pfet_03v3
No property sb found for device pfet_03v3
No property sd found for device pfet_03v3
No property par found for device pfet_03v3
No property dtemp found for device pfet_03v3
No property nf found for device pfet_03v3
No property as found for device pfet_03v3
No property ad found for device pfet_03v3
No property ps found for device pfet_03v3
No property pd found for device pfet_03v3
Comparison output logged to file reports/periphery_block_leaves/detronyx_12t_write_conflict_rc1/layout/detronyx_12t_write_conflict_rc1.netgen_lvs.log
Logging to file "reports/periphery_block_leaves/detronyx_12t_write_conflict_rc1/layout/detronyx_12t_write_conflict_rc1.netgen_lvs.log" enabled
Contents of circuit 1:  Circuit: 'detronyx_12t_write_conflict_rc1'
Circuit detronyx_12t_write_conflict_rc1 contains 12 device instances.
  Class: nfet_03v3             instances:   6
  Class: pfet_03v3             instances:   6
Circuit contains 11 nets.
Contents of circuit 2:  Circuit: 'detronyx_12t_write_conflict_rc1'
Circuit detronyx_12t_write_conflict_rc1 contains 12 device instances.
  Class: nfet_03v3             instances:   6
  Class: pfet_03v3             instances:   6
Circuit contains 11 nets.

Circuit 1 contains 12 devices, Circuit 2 contains 12 devices.
Circuit 1 contains 11 nets,    Circuit 2 contains 11 nets.

Netlists match uniquely.
Result: Circuits match uniquely.
Logging to file "reports/periphery_block_leaves/detronyx_12t_write_conflict_rc1/layout/detronyx_12t_write_conflict_rc1.netgen_lvs.log" disabled
LVS Done.
