
Cell detronyx_12t_2w2r_rc4_4x4_routed_5layer_direct disconnected node: c0_w0_bl
Cell detronyx_12t_2w2r_rc4_4x4_routed_5layer_direct disconnected node: c0_w0_br
Cell detronyx_12t_2w2r_rc4_4x4_routed_5layer_direct disconnected node: c0_w1_bl
Cell detronyx_12t_2w2r_rc4_4x4_routed_5layer_direct disconnected node: c0_w1_br
Cell detronyx_12t_2w2r_rc4_4x4_routed_5layer_direct disconnected node: c0_r0_rbl
Cell detronyx_12t_2w2r_rc4_4x4_routed_5layer_direct disconnected node: c0_r1_rbl
Cell detronyx_12t_2w2r_rc4_4x4_routed_5layer_direct disconnected node: c1_w0_bl
Cell detronyx_12t_2w2r_rc4_4x4_routed_5layer_direct disconnected node: c1_w0_br
Cell detronyx_12t_2w2r_rc4_4x4_routed_5layer_direct disconnected node: c1_w1_bl
Cell detronyx_12t_2w2r_rc4_4x4_routed_5layer_direct disconnected node: c1_w1_br
Cell detronyx_12t_2w2r_rc4_4x4_routed_5layer_direct disconnected node: c1_r0_rbl
Cell detronyx_12t_2w2r_rc4_4x4_routed_5layer_direct disconnected node: c1_r1_rbl
Cell detronyx_12t_2w2r_rc4_4x4_routed_5layer_direct disconnected node: c2_w0_bl
Cell detronyx_12t_2w2r_rc4_4x4_routed_5layer_direct disconnected node: c2_w0_br
Cell detronyx_12t_2w2r_rc4_4x4_routed_5layer_direct disconnected node: c2_w1_bl
Cell detronyx_12t_2w2r_rc4_4x4_routed_5layer_direct disconnected node: c2_w1_br
Cell detronyx_12t_2w2r_rc4_4x4_routed_5layer_direct disconnected node: c2_r0_rbl
Cell detronyx_12t_2w2r_rc4_4x4_routed_5layer_direct disconnected node: c2_r1_rbl
Cell detronyx_12t_2w2r_rc4_4x4_routed_5layer_direct disconnected node: c3_w0_bl
Cell detronyx_12t_2w2r_rc4_4x4_routed_5layer_direct disconnected node: c3_w0_br
Cell detronyx_12t_2w2r_rc4_4x4_routed_5layer_direct disconnected node: c3_w1_bl
Cell detronyx_12t_2w2r_rc4_4x4_routed_5layer_direct disconnected node: c3_w1_br
Cell detronyx_12t_2w2r_rc4_4x4_routed_5layer_direct disconnected node: c3_r0_rbl
Cell detronyx_12t_2w2r_rc4_4x4_routed_5layer_direct disconnected node: c3_r1_rbl
Cell detronyx_12t_2w2r_rc4_4x4_routed_5layer_direct disconnected node: r0_w0_wl
Cell detronyx_12t_2w2r_rc4_4x4_routed_5layer_direct disconnected node: r0_w1_wl
Cell detronyx_12t_2w2r_rc4_4x4_routed_5layer_direct disconnected node: r0_r0_rwl
Cell detronyx_12t_2w2r_rc4_4x4_routed_5layer_direct disconnected node: r0_r1_rwl
Cell detronyx_12t_2w2r_rc4_4x4_routed_5layer_direct disconnected node: r1_w0_wl
Cell detronyx_12t_2w2r_rc4_4x4_routed_5layer_direct disconnected node: r1_w1_wl
Cell detronyx_12t_2w2r_rc4_4x4_routed_5layer_direct disconnected node: r1_r0_rwl
Cell detronyx_12t_2w2r_rc4_4x4_routed_5layer_direct disconnected node: r1_r1_rwl
Cell detronyx_12t_2w2r_rc4_4x4_routed_5layer_direct disconnected node: r2_w0_wl
Cell detronyx_12t_2w2r_rc4_4x4_routed_5layer_direct disconnected node: r2_w1_wl
Cell detronyx_12t_2w2r_rc4_4x4_routed_5layer_direct disconnected node: r2_r0_rwl
Cell detronyx_12t_2w2r_rc4_4x4_routed_5layer_direct disconnected node: r2_r1_rwl
Cell detronyx_12t_2w2r_rc4_4x4_routed_5layer_direct disconnected node: r3_w0_wl
Cell detronyx_12t_2w2r_rc4_4x4_routed_5layer_direct disconnected node: r3_w1_wl
Cell detronyx_12t_2w2r_rc4_4x4_routed_5layer_direct disconnected node: r3_r0_rwl
Cell detronyx_12t_2w2r_rc4_4x4_routed_5layer_direct disconnected node: r3_r1_rwl
Cell detronyx_12t_2w2r_rc4_4x4_routed_5layer_direct disconnected node: VDD
Cell detronyx_12t_2w2r_rc4_4x4_routed_5layer_direct disconnected node: VSS
Cell detronyx_12t_2w2r_rc4_4x4_routed_5layer_direct disconnected node: VSUBS

Cell detronyx_12t_2w2r_rc4_4x4_routed_5layer_direct disconnected node: c0_w0_bl
Cell detronyx_12t_2w2r_rc4_4x4_routed_5layer_direct disconnected node: c0_w0_br
Cell detronyx_12t_2w2r_rc4_4x4_routed_5layer_direct disconnected node: c0_w1_bl
Cell detronyx_12t_2w2r_rc4_4x4_routed_5layer_direct disconnected node: c0_w1_br
Cell detronyx_12t_2w2r_rc4_4x4_routed_5layer_direct disconnected node: c0_r0_rbl
Cell detronyx_12t_2w2r_rc4_4x4_routed_5layer_direct disconnected node: c0_r1_rbl
Cell detronyx_12t_2w2r_rc4_4x4_routed_5layer_direct disconnected node: c1_w0_bl
Cell detronyx_12t_2w2r_rc4_4x4_routed_5layer_direct disconnected node: c1_w0_br
Cell detronyx_12t_2w2r_rc4_4x4_routed_5layer_direct disconnected node: c1_w1_bl
Cell detronyx_12t_2w2r_rc4_4x4_routed_5layer_direct disconnected node: c1_w1_br
Cell detronyx_12t_2w2r_rc4_4x4_routed_5layer_direct disconnected node: c1_r0_rbl
Cell detronyx_12t_2w2r_rc4_4x4_routed_5layer_direct disconnected node: c1_r1_rbl
Cell detronyx_12t_2w2r_rc4_4x4_routed_5layer_direct disconnected node: c2_w0_bl
Cell detronyx_12t_2w2r_rc4_4x4_routed_5layer_direct disconnected node: c2_w0_br
Cell detronyx_12t_2w2r_rc4_4x4_routed_5layer_direct disconnected node: c2_w1_bl
Cell detronyx_12t_2w2r_rc4_4x4_routed_5layer_direct disconnected node: c2_w1_br
Cell detronyx_12t_2w2r_rc4_4x4_routed_5layer_direct disconnected node: c2_r0_rbl
Cell detronyx_12t_2w2r_rc4_4x4_routed_5layer_direct disconnected node: c2_r1_rbl
Cell detronyx_12t_2w2r_rc4_4x4_routed_5layer_direct disconnected node: c3_w0_bl
Cell detronyx_12t_2w2r_rc4_4x4_routed_5layer_direct disconnected node: c3_w0_br
Cell detronyx_12t_2w2r_rc4_4x4_routed_5layer_direct disconnected node: c3_w1_bl
Cell detronyx_12t_2w2r_rc4_4x4_routed_5layer_direct disconnected node: c3_w1_br
Cell detronyx_12t_2w2r_rc4_4x4_routed_5layer_direct disconnected node: c3_r0_rbl
Cell detronyx_12t_2w2r_rc4_4x4_routed_5layer_direct disconnected node: c3_r1_rbl
Cell detronyx_12t_2w2r_rc4_4x4_routed_5layer_direct disconnected node: r0_w0_wl
Cell detronyx_12t_2w2r_rc4_4x4_routed_5layer_direct disconnected node: r0_w1_wl
Cell detronyx_12t_2w2r_rc4_4x4_routed_5layer_direct disconnected node: r0_r0_rwl
Cell detronyx_12t_2w2r_rc4_4x4_routed_5layer_direct disconnected node: r0_r1_rwl
Cell detronyx_12t_2w2r_rc4_4x4_routed_5layer_direct disconnected node: r1_w0_wl
Cell detronyx_12t_2w2r_rc4_4x4_routed_5layer_direct disconnected node: r1_w1_wl
Cell detronyx_12t_2w2r_rc4_4x4_routed_5layer_direct disconnected node: r1_r0_rwl
Cell detronyx_12t_2w2r_rc4_4x4_routed_5layer_direct disconnected node: r1_r1_rwl
Cell detronyx_12t_2w2r_rc4_4x4_routed_5layer_direct disconnected node: r2_w0_wl
Cell detronyx_12t_2w2r_rc4_4x4_routed_5layer_direct disconnected node: r2_w1_wl
Cell detronyx_12t_2w2r_rc4_4x4_routed_5layer_direct disconnected node: r2_r0_rwl
Cell detronyx_12t_2w2r_rc4_4x4_routed_5layer_direct disconnected node: r2_r1_rwl
Cell detronyx_12t_2w2r_rc4_4x4_routed_5layer_direct disconnected node: r3_w0_wl
Cell detronyx_12t_2w2r_rc4_4x4_routed_5layer_direct disconnected node: r3_w1_wl
Cell detronyx_12t_2w2r_rc4_4x4_routed_5layer_direct disconnected node: r3_r0_rwl
Cell detronyx_12t_2w2r_rc4_4x4_routed_5layer_direct disconnected node: r3_r1_rwl
Cell detronyx_12t_2w2r_rc4_4x4_routed_5layer_direct disconnected node: VDD
Cell detronyx_12t_2w2r_rc4_4x4_routed_5layer_direct disconnected node: VSS
Cell detronyx_12t_2w2r_rc4_4x4_routed_5layer_direct disconnected node: VSUBS
Equate pins:  cell detronyx_12t_2w2r_rc4_4x4_routed_5layer_direct and/or detronyx_12t_2w2r_rc4_4x4_routed_5layer_direct has no elements.

Cell gf180mcu_3v3_12t_2r2w_sram_512x8 disconnected node: clk
Cell gf180mcu_3v3_12t_2r2w_sram_512x8 disconnected node: w0_en
Cell gf180mcu_3v3_12t_2r2w_sram_512x8 disconnected node: w1_en
Cell gf180mcu_3v3_12t_2r2w_sram_512x8 disconnected node: r0_en
Cell gf180mcu_3v3_12t_2r2w_sram_512x8 disconnected node: r1_en
Cell gf180mcu_3v3_12t_2r2w_sram_512x8 disconnected node: w0_addr[0]
Cell gf180mcu_3v3_12t_2r2w_sram_512x8 disconnected node: w0_addr[1]
Cell gf180mcu_3v3_12t_2r2w_sram_512x8 disconnected node: w0_addr[2]
Cell gf180mcu_3v3_12t_2r2w_sram_512x8 disconnected node: w0_addr[3]
Cell gf180mcu_3v3_12t_2r2w_sram_512x8 disconnected node: w0_addr[4]
Cell gf180mcu_3v3_12t_2r2w_sram_512x8 disconnected node: w0_addr[5]
Cell gf180mcu_3v3_12t_2r2w_sram_512x8 disconnected node: w0_addr[6]
Cell gf180mcu_3v3_12t_2r2w_sram_512x8 disconnected node: w0_addr[7]
Cell gf180mcu_3v3_12t_2r2w_sram_512x8 disconnected node: w0_addr[8]
Cell gf180mcu_3v3_12t_2r2w_sram_512x8 disconnected node: w1_addr[0]
Cell gf180mcu_3v3_12t_2r2w_sram_512x8 disconnected node: w1_addr[1]
Cell gf180mcu_3v3_12t_2r2w_sram_512x8 disconnected node: w1_addr[2]
Cell gf180mcu_3v3_12t_2r2w_sram_512x8 disconnected node: w1_addr[3]
Cell gf180mcu_3v3_12t_2r2w_sram_512x8 disconnected node: w1_addr[4]
Cell gf180mcu_3v3_12t_2r2w_sram_512x8 disconnected node: w1_addr[5]
Cell gf180mcu_3v3_12t_2r2w_sram_512x8 disconnected node: w1_addr[6]
Cell gf180mcu_3v3_12t_2r2w_sram_512x8 disconnected node: w1_addr[7]
Cell gf180mcu_3v3_12t_2r2w_sram_512x8 disconnected node: w1_addr[8]
Cell gf180mcu_3v3_12t_2r2w_sram_512x8 disconnected node: r0_addr[0]
Cell gf180mcu_3v3_12t_2r2w_sram_512x8 disconnected node: r0_addr[1]
Cell gf180mcu_3v3_12t_2r2w_sram_512x8 disconnected node: r0_addr[2]
Cell gf180mcu_3v3_12t_2r2w_sram_512x8 disconnected node: r0_addr[3]
Cell gf180mcu_3v3_12t_2r2w_sram_512x8 disconnected node: r0_addr[4]
Cell gf180mcu_3v3_12t_2r2w_sram_512x8 disconnected node: r0_addr[5]
Cell gf180mcu_3v3_12t_2r2w_sram_512x8 disconnected node: r0_addr[6]
Cell gf180mcu_3v3_12t_2r2w_sram_512x8 disconnected node: r0_addr[7]
Cell gf180mcu_3v3_12t_2r2w_sram_512x8 disconnected node: r0_addr[8]
Cell gf180mcu_3v3_12t_2r2w_sram_512x8 disconnected node: r1_addr[0]
Cell gf180mcu_3v3_12t_2r2w_sram_512x8 disconnected node: r1_addr[1]
Cell gf180mcu_3v3_12t_2r2w_sram_512x8 disconnected node: r1_addr[2]
Cell gf180mcu_3v3_12t_2r2w_sram_512x8 disconnected node: r1_addr[3]
Cell gf180mcu_3v3_12t_2r2w_sram_512x8 disconnected node: r1_addr[4]
Cell gf180mcu_3v3_12t_2r2w_sram_512x8 disconnected node: r1_addr[5]
Cell gf180mcu_3v3_12t_2r2w_sram_512x8 disconnected node: r1_addr[6]
Cell gf180mcu_3v3_12t_2r2w_sram_512x8 disconnected node: r1_addr[7]
Cell gf180mcu_3v3_12t_2r2w_sram_512x8 disconnected node: r1_addr[8]
Cell gf180mcu_3v3_12t_2r2w_sram_512x8 disconnected node: w0_data[0]
Cell gf180mcu_3v3_12t_2r2w_sram_512x8 disconnected node: w0_data[1]
Cell gf180mcu_3v3_12t_2r2w_sram_512x8 disconnected node: w0_data[2]
Cell gf180mcu_3v3_12t_2r2w_sram_512x8 disconnected node: w0_data[3]
Cell gf180mcu_3v3_12t_2r2w_sram_512x8 disconnected node: w0_data[4]
Cell gf180mcu_3v3_12t_2r2w_sram_512x8 disconnected node: w0_data[5]
Cell gf180mcu_3v3_12t_2r2w_sram_512x8 disconnected node: w0_data[6]
Cell gf180mcu_3v3_12t_2r2w_sram_512x8 disconnected node: w0_data[7]
Cell gf180mcu_3v3_12t_2r2w_sram_512x8 disconnected node: w1_data[0]
Cell gf180mcu_3v3_12t_2r2w_sram_512x8 disconnected node: w1_data[1]
Cell gf180mcu_3v3_12t_2r2w_sram_512x8 disconnected node: w1_data[2]
Cell gf180mcu_3v3_12t_2r2w_sram_512x8 disconnected node: w1_data[3]
Cell gf180mcu_3v3_12t_2r2w_sram_512x8 disconnected node: w1_data[4]
Cell gf180mcu_3v3_12t_2r2w_sram_512x8 disconnected node: w1_data[5]
Cell gf180mcu_3v3_12t_2r2w_sram_512x8 disconnected node: w1_data[6]
Cell gf180mcu_3v3_12t_2r2w_sram_512x8 disconnected node: w1_data[7]
Cell gf180mcu_3v3_12t_2r2w_sram_512x8 disconnected node: r0_data[0]
Cell gf180mcu_3v3_12t_2r2w_sram_512x8 disconnected node: r0_data[1]
Cell gf180mcu_3v3_12t_2r2w_sram_512x8 disconnected node: r0_data[2]
Cell gf180mcu_3v3_12t_2r2w_sram_512x8 disconnected node: r0_data[3]
Cell gf180mcu_3v3_12t_2r2w_sram_512x8 disconnected node: r0_data[4]
Cell gf180mcu_3v3_12t_2r2w_sram_512x8 disconnected node: r0_data[5]
Cell gf180mcu_3v3_12t_2r2w_sram_512x8 disconnected node: r0_data[6]
Cell gf180mcu_3v3_12t_2r2w_sram_512x8 disconnected node: r0_data[7]
Cell gf180mcu_3v3_12t_2r2w_sram_512x8 disconnected node: r1_data[0]
Cell gf180mcu_3v3_12t_2r2w_sram_512x8 disconnected node: r1_data[1]
Cell gf180mcu_3v3_12t_2r2w_sram_512x8 disconnected node: r1_data[2]
Cell gf180mcu_3v3_12t_2r2w_sram_512x8 disconnected node: r1_data[3]
Cell gf180mcu_3v3_12t_2r2w_sram_512x8 disconnected node: r1_data[4]
Cell gf180mcu_3v3_12t_2r2w_sram_512x8 disconnected node: r1_data[5]
Cell gf180mcu_3v3_12t_2r2w_sram_512x8 disconnected node: r1_data[6]
Cell gf180mcu_3v3_12t_2r2w_sram_512x8 disconnected node: r1_data[7]

Cell gf180mcu_3v3_12t_2r2w_sram_512x8 disconnected node: clk
Cell gf180mcu_3v3_12t_2r2w_sram_512x8 disconnected node: w0_en
Cell gf180mcu_3v3_12t_2r2w_sram_512x8 disconnected node: w1_en
Cell gf180mcu_3v3_12t_2r2w_sram_512x8 disconnected node: r0_en
Cell gf180mcu_3v3_12t_2r2w_sram_512x8 disconnected node: r1_en
Cell gf180mcu_3v3_12t_2r2w_sram_512x8 disconnected node: w0_addr[0]
Cell gf180mcu_3v3_12t_2r2w_sram_512x8 disconnected node: w0_addr[1]
Cell gf180mcu_3v3_12t_2r2w_sram_512x8 disconnected node: w0_addr[2]
Cell gf180mcu_3v3_12t_2r2w_sram_512x8 disconnected node: w0_addr[3]
Cell gf180mcu_3v3_12t_2r2w_sram_512x8 disconnected node: w0_addr[4]
Cell gf180mcu_3v3_12t_2r2w_sram_512x8 disconnected node: w0_addr[5]
Cell gf180mcu_3v3_12t_2r2w_sram_512x8 disconnected node: w0_addr[6]
Cell gf180mcu_3v3_12t_2r2w_sram_512x8 disconnected node: w0_addr[7]
Cell gf180mcu_3v3_12t_2r2w_sram_512x8 disconnected node: w0_addr[8]
Cell gf180mcu_3v3_12t_2r2w_sram_512x8 disconnected node: w1_addr[0]
Cell gf180mcu_3v3_12t_2r2w_sram_512x8 disconnected node: w1_addr[1]
Cell gf180mcu_3v3_12t_2r2w_sram_512x8 disconnected node: w1_addr[2]
Cell gf180mcu_3v3_12t_2r2w_sram_512x8 disconnected node: w1_addr[3]
Cell gf180mcu_3v3_12t_2r2w_sram_512x8 disconnected node: w1_addr[4]
Cell gf180mcu_3v3_12t_2r2w_sram_512x8 disconnected node: w1_addr[5]
Cell gf180mcu_3v3_12t_2r2w_sram_512x8 disconnected node: w1_addr[6]
Cell gf180mcu_3v3_12t_2r2w_sram_512x8 disconnected node: w1_addr[7]
Cell gf180mcu_3v3_12t_2r2w_sram_512x8 disconnected node: w1_addr[8]
Cell gf180mcu_3v3_12t_2r2w_sram_512x8 disconnected node: r0_addr[0]
Cell gf180mcu_3v3_12t_2r2w_sram_512x8 disconnected node: r0_addr[1]
Cell gf180mcu_3v3_12t_2r2w_sram_512x8 disconnected node: r0_addr[2]
Cell gf180mcu_3v3_12t_2r2w_sram_512x8 disconnected node: r0_addr[3]
Cell gf180mcu_3v3_12t_2r2w_sram_512x8 disconnected node: r0_addr[4]
Cell gf180mcu_3v3_12t_2r2w_sram_512x8 disconnected node: r0_addr[5]
Cell gf180mcu_3v3_12t_2r2w_sram_512x8 disconnected node: r0_addr[6]
Cell gf180mcu_3v3_12t_2r2w_sram_512x8 disconnected node: r0_addr[7]
Cell gf180mcu_3v3_12t_2r2w_sram_512x8 disconnected node: r0_addr[8]
Cell gf180mcu_3v3_12t_2r2w_sram_512x8 disconnected node: r1_addr[0]
Cell gf180mcu_3v3_12t_2r2w_sram_512x8 disconnected node: r1_addr[1]
Cell gf180mcu_3v3_12t_2r2w_sram_512x8 disconnected node: r1_addr[2]
Cell gf180mcu_3v3_12t_2r2w_sram_512x8 disconnected node: r1_addr[3]
Cell gf180mcu_3v3_12t_2r2w_sram_512x8 disconnected node: r1_addr[4]
Cell gf180mcu_3v3_12t_2r2w_sram_512x8 disconnected node: r1_addr[5]
Cell gf180mcu_3v3_12t_2r2w_sram_512x8 disconnected node: r1_addr[6]
Cell gf180mcu_3v3_12t_2r2w_sram_512x8 disconnected node: r1_addr[7]
Cell gf180mcu_3v3_12t_2r2w_sram_512x8 disconnected node: r1_addr[8]
Cell gf180mcu_3v3_12t_2r2w_sram_512x8 disconnected node: w0_data[0]
Cell gf180mcu_3v3_12t_2r2w_sram_512x8 disconnected node: w0_data[1]
Cell gf180mcu_3v3_12t_2r2w_sram_512x8 disconnected node: w0_data[2]
Cell gf180mcu_3v3_12t_2r2w_sram_512x8 disconnected node: w0_data[3]
Cell gf180mcu_3v3_12t_2r2w_sram_512x8 disconnected node: w0_data[4]
Cell gf180mcu_3v3_12t_2r2w_sram_512x8 disconnected node: w0_data[5]
Cell gf180mcu_3v3_12t_2r2w_sram_512x8 disconnected node: w0_data[6]
Cell gf180mcu_3v3_12t_2r2w_sram_512x8 disconnected node: w0_data[7]
Cell gf180mcu_3v3_12t_2r2w_sram_512x8 disconnected node: w1_data[0]
Cell gf180mcu_3v3_12t_2r2w_sram_512x8 disconnected node: w1_data[1]
Cell gf180mcu_3v3_12t_2r2w_sram_512x8 disconnected node: w1_data[2]
Cell gf180mcu_3v3_12t_2r2w_sram_512x8 disconnected node: w1_data[3]
Cell gf180mcu_3v3_12t_2r2w_sram_512x8 disconnected node: w1_data[4]
Cell gf180mcu_3v3_12t_2r2w_sram_512x8 disconnected node: w1_data[5]
Cell gf180mcu_3v3_12t_2r2w_sram_512x8 disconnected node: w1_data[6]
Cell gf180mcu_3v3_12t_2r2w_sram_512x8 disconnected node: w1_data[7]
Cell gf180mcu_3v3_12t_2r2w_sram_512x8 disconnected node: r0_data[0]
Cell gf180mcu_3v3_12t_2r2w_sram_512x8 disconnected node: r0_data[1]
Cell gf180mcu_3v3_12t_2r2w_sram_512x8 disconnected node: r0_data[2]
Cell gf180mcu_3v3_12t_2r2w_sram_512x8 disconnected node: r0_data[3]
Cell gf180mcu_3v3_12t_2r2w_sram_512x8 disconnected node: r0_data[4]
Cell gf180mcu_3v3_12t_2r2w_sram_512x8 disconnected node: r0_data[5]
Cell gf180mcu_3v3_12t_2r2w_sram_512x8 disconnected node: r0_data[6]
Cell gf180mcu_3v3_12t_2r2w_sram_512x8 disconnected node: r0_data[7]
Cell gf180mcu_3v3_12t_2r2w_sram_512x8 disconnected node: r1_data[0]
Cell gf180mcu_3v3_12t_2r2w_sram_512x8 disconnected node: r1_data[1]
Cell gf180mcu_3v3_12t_2r2w_sram_512x8 disconnected node: r1_data[2]
Cell gf180mcu_3v3_12t_2r2w_sram_512x8 disconnected node: r1_data[3]
Cell gf180mcu_3v3_12t_2r2w_sram_512x8 disconnected node: r1_data[4]
Cell gf180mcu_3v3_12t_2r2w_sram_512x8 disconnected node: r1_data[5]
Cell gf180mcu_3v3_12t_2r2w_sram_512x8 disconnected node: r1_data[6]
Cell gf180mcu_3v3_12t_2r2w_sram_512x8 disconnected node: r1_data[7]

Subcircuit summary:
Circuit 1: gf180mcu_3v3_12t_2r2w_sram_512x |Circuit 2: gf180mcu_3v3_12t_2r2w_sram_512x 
-------------------------------------------|-------------------------------------------
detronyx_12t_2w2r_rc4_4x4_routed_5layer_di |detronyx_12t_2w2r_rc4_4x4_routed_5layer_di 
Number of devices: 256                     |Number of devices: 256                     
Number of nets: 10243                      |Number of nets: 10243                      
---------------------------------------------------------------------------------------
Netlists match uniquely.
Circuits match correctly.

Subcircuit pins:
Circuit 1: gf180mcu_3v3_12t_2r2w_sram_512x |Circuit 2: gf180mcu_3v3_12t_2r2w_sram_512x 
-------------------------------------------|-------------------------------------------
VDD                                        |VDD                                        
VSS                                        |VSS                                        
clk                                        |clk                                        
w0_en                                      |w0_en                                      
w1_en                                      |w1_en                                      
r0_en                                      |r0_en                                      
r1_en                                      |r1_en                                      
w0_addr[0]                                 |w0_addr[0]                                 
w0_addr[1]                                 |w0_addr[1]                                 
w0_addr[2]                                 |w0_addr[2]                                 
w0_addr[3]                                 |w0_addr[3]                                 
w0_addr[4]                                 |w0_addr[4]                                 
w0_addr[5]                                 |w0_addr[5]                                 
w0_addr[6]                                 |w0_addr[6]                                 
w0_addr[7]                                 |w0_addr[7]                                 
w0_addr[8]                                 |w0_addr[8]                                 
w1_addr[0]                                 |w1_addr[0]                                 
w1_addr[1]                                 |w1_addr[1]                                 
w1_addr[2]                                 |w1_addr[2]                                 
w1_addr[3]                                 |w1_addr[3]                                 
w1_addr[4]                                 |w1_addr[4]                                 
w1_addr[5]                                 |w1_addr[5]                                 
w1_addr[6]                                 |w1_addr[6]                                 
w1_addr[7]                                 |w1_addr[7]                                 
w1_addr[8]                                 |w1_addr[8]                                 
r0_addr[0]                                 |r0_addr[0]                                 
r0_addr[1]                                 |r0_addr[1]                                 
r0_addr[2]                                 |r0_addr[2]                                 
r0_addr[3]                                 |r0_addr[3]                                 
r0_addr[4]                                 |r0_addr[4]                                 
r0_addr[5]                                 |r0_addr[5]                                 
r0_addr[6]                                 |r0_addr[6]                                 
r0_addr[7]                                 |r0_addr[7]                                 
r0_addr[8]                                 |r0_addr[8]                                 
r1_addr[0]                                 |r1_addr[0]                                 
r1_addr[1]                                 |r1_addr[1]                                 
r1_addr[2]                                 |r1_addr[2]                                 
r1_addr[3]                                 |r1_addr[3]                                 
r1_addr[4]                                 |r1_addr[4]                                 
r1_addr[5]                                 |r1_addr[5]                                 
r1_addr[6]                                 |r1_addr[6]                                 
r1_addr[7]                                 |r1_addr[7]                                 
r1_addr[8]                                 |r1_addr[8]                                 
w0_data[0]                                 |w0_data[0]                                 
w0_data[1]                                 |w0_data[1]                                 
w0_data[2]                                 |w0_data[2]                                 
w0_data[3]                                 |w0_data[3]                                 
w0_data[4]                                 |w0_data[4]                                 
w0_data[5]                                 |w0_data[5]                                 
w0_data[6]                                 |w0_data[6]                                 
w0_data[7]                                 |w0_data[7]                                 
w1_data[0]                                 |w1_data[0]                                 
w1_data[1]                                 |w1_data[1]                                 
w1_data[2]                                 |w1_data[2]                                 
w1_data[3]                                 |w1_data[3]                                 
w1_data[4]                                 |w1_data[4]                                 
w1_data[5]                                 |w1_data[5]                                 
w1_data[6]                                 |w1_data[6]                                 
w1_data[7]                                 |w1_data[7]                                 
r0_data[0]                                 |r0_data[0]                                 
r0_data[1]                                 |r0_data[1]                                 
r0_data[2]                                 |r0_data[2]                                 
r0_data[3]                                 |r0_data[3]                                 
r0_data[4]                                 |r0_data[4]                                 
r0_data[5]                                 |r0_data[5]                                 
r0_data[6]                                 |r0_data[6]                                 
r0_data[7]                                 |r0_data[7]                                 
r1_data[0]                                 |r1_data[0]                                 
r1_data[1]                                 |r1_data[1]                                 
r1_data[2]                                 |r1_data[2]                                 
r1_data[3]                                 |r1_data[3]                                 
r1_data[4]                                 |r1_data[4]                                 
r1_data[5]                                 |r1_data[5]                                 
r1_data[6]                                 |r1_data[6]                                 
r1_data[7]                                 |r1_data[7]                                 
---------------------------------------------------------------------------------------
Cell pin lists are equivalent.
Device classes gf180mcu_3v3_12t_2r2w_sram_512x8 and gf180mcu_3v3_12t_2r2w_sram_512x8 are equivalent.
Circuits match uniquely.
