
Cell detronyx_12t_2w2r_rc4_4x4_routed_5layer_direct disconnected node: c0_w0_bl
Cell detronyx_12t_2w2r_rc4_4x4_routed_5layer_direct disconnected node: c0_w0_br
Cell detronyx_12t_2w2r_rc4_4x4_routed_5layer_direct disconnected node: c0_w1_bl
Cell detronyx_12t_2w2r_rc4_4x4_routed_5layer_direct disconnected node: c0_w1_br
Cell detronyx_12t_2w2r_rc4_4x4_routed_5layer_direct disconnected node: c0_r0_rbl
Cell detronyx_12t_2w2r_rc4_4x4_routed_5layer_direct disconnected node: c0_r1_rbl
Cell detronyx_12t_2w2r_rc4_4x4_routed_5layer_direct disconnected node: c1_w0_bl
Cell detronyx_12t_2w2r_rc4_4x4_routed_5layer_direct disconnected node: c1_w0_br
Cell detronyx_12t_2w2r_rc4_4x4_routed_5layer_direct disconnected node: c1_w1_bl
Cell detronyx_12t_2w2r_rc4_4x4_routed_5layer_direct disconnected node: c1_w1_br
Cell detronyx_12t_2w2r_rc4_4x4_routed_5layer_direct disconnected node: c1_r0_rbl
Cell detronyx_12t_2w2r_rc4_4x4_routed_5layer_direct disconnected node: c1_r1_rbl
Cell detronyx_12t_2w2r_rc4_4x4_routed_5layer_direct disconnected node: c2_w0_bl
Cell detronyx_12t_2w2r_rc4_4x4_routed_5layer_direct disconnected node: c2_w0_br
Cell detronyx_12t_2w2r_rc4_4x4_routed_5layer_direct disconnected node: c2_w1_bl
Cell detronyx_12t_2w2r_rc4_4x4_routed_5layer_direct disconnected node: c2_w1_br
Cell detronyx_12t_2w2r_rc4_4x4_routed_5layer_direct disconnected node: c2_r0_rbl
Cell detronyx_12t_2w2r_rc4_4x4_routed_5layer_direct disconnected node: c2_r1_rbl
Cell detronyx_12t_2w2r_rc4_4x4_routed_5layer_direct disconnected node: c3_w0_bl
Cell detronyx_12t_2w2r_rc4_4x4_routed_5layer_direct disconnected node: c3_w0_br
Cell detronyx_12t_2w2r_rc4_4x4_routed_5layer_direct disconnected node: c3_w1_bl
Cell detronyx_12t_2w2r_rc4_4x4_routed_5layer_direct disconnected node: c3_w1_br
Cell detronyx_12t_2w2r_rc4_4x4_routed_5layer_direct disconnected node: c3_r0_rbl
Cell detronyx_12t_2w2r_rc4_4x4_routed_5layer_direct disconnected node: c3_r1_rbl
Cell detronyx_12t_2w2r_rc4_4x4_routed_5layer_direct disconnected node: r0_w0_wl
Cell detronyx_12t_2w2r_rc4_4x4_routed_5layer_direct disconnected node: r0_w1_wl
Cell detronyx_12t_2w2r_rc4_4x4_routed_5layer_direct disconnected node: r0_r0_rwl
Cell detronyx_12t_2w2r_rc4_4x4_routed_5layer_direct disconnected node: r0_r1_rwl
Cell detronyx_12t_2w2r_rc4_4x4_routed_5layer_direct disconnected node: r1_w0_wl
Cell detronyx_12t_2w2r_rc4_4x4_routed_5layer_direct disconnected node: r1_w1_wl
Cell detronyx_12t_2w2r_rc4_4x4_routed_5layer_direct disconnected node: r1_r0_rwl
Cell detronyx_12t_2w2r_rc4_4x4_routed_5layer_direct disconnected node: r1_r1_rwl
Cell detronyx_12t_2w2r_rc4_4x4_routed_5layer_direct disconnected node: r2_w0_wl
Cell detronyx_12t_2w2r_rc4_4x4_routed_5layer_direct disconnected node: r2_w1_wl
Cell detronyx_12t_2w2r_rc4_4x4_routed_5layer_direct disconnected node: r2_r0_rwl
Cell detronyx_12t_2w2r_rc4_4x4_routed_5layer_direct disconnected node: r2_r1_rwl
Cell detronyx_12t_2w2r_rc4_4x4_routed_5layer_direct disconnected node: r3_w0_wl
Cell detronyx_12t_2w2r_rc4_4x4_routed_5layer_direct disconnected node: r3_w1_wl
Cell detronyx_12t_2w2r_rc4_4x4_routed_5layer_direct disconnected node: r3_r0_rwl
Cell detronyx_12t_2w2r_rc4_4x4_routed_5layer_direct disconnected node: r3_r1_rwl
Cell detronyx_12t_2w2r_rc4_4x4_routed_5layer_direct disconnected node: VDD
Cell detronyx_12t_2w2r_rc4_4x4_routed_5layer_direct disconnected node: VSS
Cell detronyx_12t_2w2r_rc4_4x4_routed_5layer_direct disconnected node: VSUBS

Cell detronyx_12t_2w2r_rc4_4x4_routed_5layer_direct disconnected node: c0_w0_bl
Cell detronyx_12t_2w2r_rc4_4x4_routed_5layer_direct disconnected node: c0_w0_br
Cell detronyx_12t_2w2r_rc4_4x4_routed_5layer_direct disconnected node: c0_w1_bl
Cell detronyx_12t_2w2r_rc4_4x4_routed_5layer_direct disconnected node: c0_w1_br
Cell detronyx_12t_2w2r_rc4_4x4_routed_5layer_direct disconnected node: c0_r0_rbl
Cell detronyx_12t_2w2r_rc4_4x4_routed_5layer_direct disconnected node: c0_r1_rbl
Cell detronyx_12t_2w2r_rc4_4x4_routed_5layer_direct disconnected node: c1_w0_bl
Cell detronyx_12t_2w2r_rc4_4x4_routed_5layer_direct disconnected node: c1_w0_br
Cell detronyx_12t_2w2r_rc4_4x4_routed_5layer_direct disconnected node: c1_w1_bl
Cell detronyx_12t_2w2r_rc4_4x4_routed_5layer_direct disconnected node: c1_w1_br
Cell detronyx_12t_2w2r_rc4_4x4_routed_5layer_direct disconnected node: c1_r0_rbl
Cell detronyx_12t_2w2r_rc4_4x4_routed_5layer_direct disconnected node: c1_r1_rbl
Cell detronyx_12t_2w2r_rc4_4x4_routed_5layer_direct disconnected node: c2_w0_bl
Cell detronyx_12t_2w2r_rc4_4x4_routed_5layer_direct disconnected node: c2_w0_br
Cell detronyx_12t_2w2r_rc4_4x4_routed_5layer_direct disconnected node: c2_w1_bl
Cell detronyx_12t_2w2r_rc4_4x4_routed_5layer_direct disconnected node: c2_w1_br
Cell detronyx_12t_2w2r_rc4_4x4_routed_5layer_direct disconnected node: c2_r0_rbl
Cell detronyx_12t_2w2r_rc4_4x4_routed_5layer_direct disconnected node: c2_r1_rbl
Cell detronyx_12t_2w2r_rc4_4x4_routed_5layer_direct disconnected node: c3_w0_bl
Cell detronyx_12t_2w2r_rc4_4x4_routed_5layer_direct disconnected node: c3_w0_br
Cell detronyx_12t_2w2r_rc4_4x4_routed_5layer_direct disconnected node: c3_w1_bl
Cell detronyx_12t_2w2r_rc4_4x4_routed_5layer_direct disconnected node: c3_w1_br
Cell detronyx_12t_2w2r_rc4_4x4_routed_5layer_direct disconnected node: c3_r0_rbl
Cell detronyx_12t_2w2r_rc4_4x4_routed_5layer_direct disconnected node: c3_r1_rbl
Cell detronyx_12t_2w2r_rc4_4x4_routed_5layer_direct disconnected node: r0_w0_wl
Cell detronyx_12t_2w2r_rc4_4x4_routed_5layer_direct disconnected node: r0_w1_wl
Cell detronyx_12t_2w2r_rc4_4x4_routed_5layer_direct disconnected node: r0_r0_rwl
Cell detronyx_12t_2w2r_rc4_4x4_routed_5layer_direct disconnected node: r0_r1_rwl
Cell detronyx_12t_2w2r_rc4_4x4_routed_5layer_direct disconnected node: r1_w0_wl
Cell detronyx_12t_2w2r_rc4_4x4_routed_5layer_direct disconnected node: r1_w1_wl
Cell detronyx_12t_2w2r_rc4_4x4_routed_5layer_direct disconnected node: r1_r0_rwl
Cell detronyx_12t_2w2r_rc4_4x4_routed_5layer_direct disconnected node: r1_r1_rwl
Cell detronyx_12t_2w2r_rc4_4x4_routed_5layer_direct disconnected node: r2_w0_wl
Cell detronyx_12t_2w2r_rc4_4x4_routed_5layer_direct disconnected node: r2_w1_wl
Cell detronyx_12t_2w2r_rc4_4x4_routed_5layer_direct disconnected node: r2_r0_rwl
Cell detronyx_12t_2w2r_rc4_4x4_routed_5layer_direct disconnected node: r2_r1_rwl
Cell detronyx_12t_2w2r_rc4_4x4_routed_5layer_direct disconnected node: r3_w0_wl
Cell detronyx_12t_2w2r_rc4_4x4_routed_5layer_direct disconnected node: r3_w1_wl
Cell detronyx_12t_2w2r_rc4_4x4_routed_5layer_direct disconnected node: r3_r0_rwl
Cell detronyx_12t_2w2r_rc4_4x4_routed_5layer_direct disconnected node: r3_r1_rwl
Cell detronyx_12t_2w2r_rc4_4x4_routed_5layer_direct disconnected node: VDD
Cell detronyx_12t_2w2r_rc4_4x4_routed_5layer_direct disconnected node: VSS
Cell detronyx_12t_2w2r_rc4_4x4_routed_5layer_direct disconnected node: VSUBS
Equate pins:  cell detronyx_12t_2w2r_rc4_4x4_routed_5layer_direct and/or detronyx_12t_2w2r_rc4_4x4_routed_5layer_direct has no elements.

Cell gf180mcu_3v3_12t_2r2w_sram_512x32 disconnected node: clk
Cell gf180mcu_3v3_12t_2r2w_sram_512x32 disconnected node: w0_en
Cell gf180mcu_3v3_12t_2r2w_sram_512x32 disconnected node: w1_en
Cell gf180mcu_3v3_12t_2r2w_sram_512x32 disconnected node: r0_en
Cell gf180mcu_3v3_12t_2r2w_sram_512x32 disconnected node: r1_en
Cell gf180mcu_3v3_12t_2r2w_sram_512x32 disconnected node: w0_addr[0]
Cell gf180mcu_3v3_12t_2r2w_sram_512x32 disconnected node: w0_addr[1]
Cell gf180mcu_3v3_12t_2r2w_sram_512x32 disconnected node: w0_addr[2]
Cell gf180mcu_3v3_12t_2r2w_sram_512x32 disconnected node: w0_addr[3]
Cell gf180mcu_3v3_12t_2r2w_sram_512x32 disconnected node: w0_addr[4]
Cell gf180mcu_3v3_12t_2r2w_sram_512x32 disconnected node: w0_addr[5]
Cell gf180mcu_3v3_12t_2r2w_sram_512x32 disconnected node: w0_addr[6]
Cell gf180mcu_3v3_12t_2r2w_sram_512x32 disconnected node: w0_addr[7]
Cell gf180mcu_3v3_12t_2r2w_sram_512x32 disconnected node: w0_addr[8]
Cell gf180mcu_3v3_12t_2r2w_sram_512x32 disconnected node: w1_addr[0]
Cell gf180mcu_3v3_12t_2r2w_sram_512x32 disconnected node: w1_addr[1]
Cell gf180mcu_3v3_12t_2r2w_sram_512x32 disconnected node: w1_addr[2]
Cell gf180mcu_3v3_12t_2r2w_sram_512x32 disconnected node: w1_addr[3]
Cell gf180mcu_3v3_12t_2r2w_sram_512x32 disconnected node: w1_addr[4]
Cell gf180mcu_3v3_12t_2r2w_sram_512x32 disconnected node: w1_addr[5]
Cell gf180mcu_3v3_12t_2r2w_sram_512x32 disconnected node: w1_addr[6]
Cell gf180mcu_3v3_12t_2r2w_sram_512x32 disconnected node: w1_addr[7]
Cell gf180mcu_3v3_12t_2r2w_sram_512x32 disconnected node: w1_addr[8]
Cell gf180mcu_3v3_12t_2r2w_sram_512x32 disconnected node: r0_addr[0]
Cell gf180mcu_3v3_12t_2r2w_sram_512x32 disconnected node: r0_addr[1]
Cell gf180mcu_3v3_12t_2r2w_sram_512x32 disconnected node: r0_addr[2]
Cell gf180mcu_3v3_12t_2r2w_sram_512x32 disconnected node: r0_addr[3]
Cell gf180mcu_3v3_12t_2r2w_sram_512x32 disconnected node: r0_addr[4]
Cell gf180mcu_3v3_12t_2r2w_sram_512x32 disconnected node: r0_addr[5]
Cell gf180mcu_3v3_12t_2r2w_sram_512x32 disconnected node: r0_addr[6]
Cell gf180mcu_3v3_12t_2r2w_sram_512x32 disconnected node: r0_addr[7]
Cell gf180mcu_3v3_12t_2r2w_sram_512x32 disconnected node: r0_addr[8]
Cell gf180mcu_3v3_12t_2r2w_sram_512x32 disconnected node: r1_addr[0]
Cell gf180mcu_3v3_12t_2r2w_sram_512x32 disconnected node: r1_addr[1]
Cell gf180mcu_3v3_12t_2r2w_sram_512x32 disconnected node: r1_addr[2]
Cell gf180mcu_3v3_12t_2r2w_sram_512x32 disconnected node: r1_addr[3]
Cell gf180mcu_3v3_12t_2r2w_sram_512x32 disconnected node: r1_addr[4]
Cell gf180mcu_3v3_12t_2r2w_sram_512x32 disconnected node: r1_addr[5]
Cell gf180mcu_3v3_12t_2r2w_sram_512x32 disconnected node: r1_addr[6]
Cell gf180mcu_3v3_12t_2r2w_sram_512x32 disconnected node: r1_addr[7]
Cell gf180mcu_3v3_12t_2r2w_sram_512x32 disconnected node: r1_addr[8]
Cell gf180mcu_3v3_12t_2r2w_sram_512x32 disconnected node: w0_data[0]
Cell gf180mcu_3v3_12t_2r2w_sram_512x32 disconnected node: w0_data[1]
Cell gf180mcu_3v3_12t_2r2w_sram_512x32 disconnected node: w0_data[2]
Cell gf180mcu_3v3_12t_2r2w_sram_512x32 disconnected node: w0_data[3]
Cell gf180mcu_3v3_12t_2r2w_sram_512x32 disconnected node: w0_data[4]
Cell gf180mcu_3v3_12t_2r2w_sram_512x32 disconnected node: w0_data[5]
Cell gf180mcu_3v3_12t_2r2w_sram_512x32 disconnected node: w0_data[6]
Cell gf180mcu_3v3_12t_2r2w_sram_512x32 disconnected node: w0_data[7]
Cell gf180mcu_3v3_12t_2r2w_sram_512x32 disconnected node: w0_data[8]
Cell gf180mcu_3v3_12t_2r2w_sram_512x32 disconnected node: w0_data[9]
Cell gf180mcu_3v3_12t_2r2w_sram_512x32 disconnected node: w0_data[10]
Cell gf180mcu_3v3_12t_2r2w_sram_512x32 disconnected node: w0_data[11]
Cell gf180mcu_3v3_12t_2r2w_sram_512x32 disconnected node: w0_data[12]
Cell gf180mcu_3v3_12t_2r2w_sram_512x32 disconnected node: w0_data[13]
Cell gf180mcu_3v3_12t_2r2w_sram_512x32 disconnected node: w0_data[14]
Cell gf180mcu_3v3_12t_2r2w_sram_512x32 disconnected node: w0_data[15]
Cell gf180mcu_3v3_12t_2r2w_sram_512x32 disconnected node: w0_data[16]
Cell gf180mcu_3v3_12t_2r2w_sram_512x32 disconnected node: w0_data[17]
Cell gf180mcu_3v3_12t_2r2w_sram_512x32 disconnected node: w0_data[18]
Cell gf180mcu_3v3_12t_2r2w_sram_512x32 disconnected node: w0_data[19]
Cell gf180mcu_3v3_12t_2r2w_sram_512x32 disconnected node: w0_data[20]
Cell gf180mcu_3v3_12t_2r2w_sram_512x32 disconnected node: w0_data[21]
Cell gf180mcu_3v3_12t_2r2w_sram_512x32 disconnected node: w0_data[22]
Cell gf180mcu_3v3_12t_2r2w_sram_512x32 disconnected node: w0_data[23]
Cell gf180mcu_3v3_12t_2r2w_sram_512x32 disconnected node: w0_data[24]
Cell gf180mcu_3v3_12t_2r2w_sram_512x32 disconnected node: w0_data[25]
Cell gf180mcu_3v3_12t_2r2w_sram_512x32 disconnected node: w0_data[26]
Cell gf180mcu_3v3_12t_2r2w_sram_512x32 disconnected node: w0_data[27]
Cell gf180mcu_3v3_12t_2r2w_sram_512x32 disconnected node: w0_data[28]
Cell gf180mcu_3v3_12t_2r2w_sram_512x32 disconnected node: w0_data[29]
Cell gf180mcu_3v3_12t_2r2w_sram_512x32 disconnected node: w0_data[30]
Cell gf180mcu_3v3_12t_2r2w_sram_512x32 disconnected node: w0_data[31]
Cell gf180mcu_3v3_12t_2r2w_sram_512x32 disconnected node: w1_data[0]
Cell gf180mcu_3v3_12t_2r2w_sram_512x32 disconnected node: w1_data[1]
Cell gf180mcu_3v3_12t_2r2w_sram_512x32 disconnected node: w1_data[2]
Cell gf180mcu_3v3_12t_2r2w_sram_512x32 disconnected node: w1_data[3]
Cell gf180mcu_3v3_12t_2r2w_sram_512x32 disconnected node: w1_data[4]
Cell gf180mcu_3v3_12t_2r2w_sram_512x32 disconnected node: w1_data[5]
Cell gf180mcu_3v3_12t_2r2w_sram_512x32 disconnected node: w1_data[6]
Cell gf180mcu_3v3_12t_2r2w_sram_512x32 disconnected node: w1_data[7]
Cell gf180mcu_3v3_12t_2r2w_sram_512x32 disconnected node: w1_data[8]
Cell gf180mcu_3v3_12t_2r2w_sram_512x32 disconnected node: w1_data[9]
Cell gf180mcu_3v3_12t_2r2w_sram_512x32 disconnected node: w1_data[10]
Cell gf180mcu_3v3_12t_2r2w_sram_512x32 disconnected node: w1_data[11]
Cell gf180mcu_3v3_12t_2r2w_sram_512x32 disconnected node: w1_data[12]
Cell gf180mcu_3v3_12t_2r2w_sram_512x32 disconnected node: w1_data[13]
Cell gf180mcu_3v3_12t_2r2w_sram_512x32 disconnected node: w1_data[14]
Cell gf180mcu_3v3_12t_2r2w_sram_512x32 disconnected node: w1_data[15]
Cell gf180mcu_3v3_12t_2r2w_sram_512x32 disconnected node: w1_data[16]
Cell gf180mcu_3v3_12t_2r2w_sram_512x32 disconnected node: w1_data[17]
Cell gf180mcu_3v3_12t_2r2w_sram_512x32 disconnected node: w1_data[18]
Cell gf180mcu_3v3_12t_2r2w_sram_512x32 disconnected node: w1_data[19]
Cell gf180mcu_3v3_12t_2r2w_sram_512x32 disconnected node: w1_data[20]
Cell gf180mcu_3v3_12t_2r2w_sram_512x32 disconnected node: w1_data[21]
Cell gf180mcu_3v3_12t_2r2w_sram_512x32 disconnected node: w1_data[22]
Cell gf180mcu_3v3_12t_2r2w_sram_512x32 disconnected node: w1_data[23]
Cell gf180mcu_3v3_12t_2r2w_sram_512x32 disconnected node: w1_data[24]
Cell gf180mcu_3v3_12t_2r2w_sram_512x32 disconnected node: w1_data[25]
Cell gf180mcu_3v3_12t_2r2w_sram_512x32 disconnected node: w1_data[26]
Cell gf180mcu_3v3_12t_2r2w_sram_512x32 disconnected node: w1_data[27]
Cell gf180mcu_3v3_12t_2r2w_sram_512x32 disconnected node: w1_data[28]
Cell gf180mcu_3v3_12t_2r2w_sram_512x32 disconnected node: w1_data[29]
Cell gf180mcu_3v3_12t_2r2w_sram_512x32 disconnected node: w1_data[30]
Cell gf180mcu_3v3_12t_2r2w_sram_512x32 disconnected node: w1_data[31]
Cell gf180mcu_3v3_12t_2r2w_sram_512x32 disconnected node: r0_data[0]
Cell gf180mcu_3v3_12t_2r2w_sram_512x32 disconnected node: r0_data[1]
Cell gf180mcu_3v3_12t_2r2w_sram_512x32 disconnected node: r0_data[2]
Cell gf180mcu_3v3_12t_2r2w_sram_512x32 disconnected node: r0_data[3]
Cell gf180mcu_3v3_12t_2r2w_sram_512x32 disconnected node: r0_data[4]
Cell gf180mcu_3v3_12t_2r2w_sram_512x32 disconnected node: r0_data[5]
Cell gf180mcu_3v3_12t_2r2w_sram_512x32 disconnected node: r0_data[6]
Cell gf180mcu_3v3_12t_2r2w_sram_512x32 disconnected node: r0_data[7]
Cell gf180mcu_3v3_12t_2r2w_sram_512x32 disconnected node: r0_data[8]
Cell gf180mcu_3v3_12t_2r2w_sram_512x32 disconnected node: r0_data[9]
Cell gf180mcu_3v3_12t_2r2w_sram_512x32 disconnected node: r0_data[10]
Cell gf180mcu_3v3_12t_2r2w_sram_512x32 disconnected node: r0_data[11]
Cell gf180mcu_3v3_12t_2r2w_sram_512x32 disconnected node: r0_data[12]
Cell gf180mcu_3v3_12t_2r2w_sram_512x32 disconnected node: r0_data[13]
Cell gf180mcu_3v3_12t_2r2w_sram_512x32 disconnected node: r0_data[14]
Cell gf180mcu_3v3_12t_2r2w_sram_512x32 disconnected node: r0_data[15]
Cell gf180mcu_3v3_12t_2r2w_sram_512x32 disconnected node: r0_data[16]
Cell gf180mcu_3v3_12t_2r2w_sram_512x32 disconnected node: r0_data[17]
Cell gf180mcu_3v3_12t_2r2w_sram_512x32 disconnected node: r0_data[18]
Cell gf180mcu_3v3_12t_2r2w_sram_512x32 disconnected node: r0_data[19]
Cell gf180mcu_3v3_12t_2r2w_sram_512x32 disconnected node: r0_data[20]
Cell gf180mcu_3v3_12t_2r2w_sram_512x32 disconnected node: r0_data[21]
Cell gf180mcu_3v3_12t_2r2w_sram_512x32 disconnected node: r0_data[22]
Cell gf180mcu_3v3_12t_2r2w_sram_512x32 disconnected node: r0_data[23]
Cell gf180mcu_3v3_12t_2r2w_sram_512x32 disconnected node: r0_data[24]
Cell gf180mcu_3v3_12t_2r2w_sram_512x32 disconnected node: r0_data[25]
Cell gf180mcu_3v3_12t_2r2w_sram_512x32 disconnected node: r0_data[26]
Cell gf180mcu_3v3_12t_2r2w_sram_512x32 disconnected node: r0_data[27]
Cell gf180mcu_3v3_12t_2r2w_sram_512x32 disconnected node: r0_data[28]
Cell gf180mcu_3v3_12t_2r2w_sram_512x32 disconnected node: r0_data[29]
Cell gf180mcu_3v3_12t_2r2w_sram_512x32 disconnected node: r0_data[30]
Cell gf180mcu_3v3_12t_2r2w_sram_512x32 disconnected node: r0_data[31]
Cell gf180mcu_3v3_12t_2r2w_sram_512x32 disconnected node: r1_data[0]
Cell gf180mcu_3v3_12t_2r2w_sram_512x32 disconnected node: r1_data[1]
Cell gf180mcu_3v3_12t_2r2w_sram_512x32 disconnected node: r1_data[2]
Cell gf180mcu_3v3_12t_2r2w_sram_512x32 disconnected node: r1_data[3]
Cell gf180mcu_3v3_12t_2r2w_sram_512x32 disconnected node: r1_data[4]
Cell gf180mcu_3v3_12t_2r2w_sram_512x32 disconnected node: r1_data[5]
Cell gf180mcu_3v3_12t_2r2w_sram_512x32 disconnected node: r1_data[6]
Cell gf180mcu_3v3_12t_2r2w_sram_512x32 disconnected node: r1_data[7]
Cell gf180mcu_3v3_12t_2r2w_sram_512x32 disconnected node: r1_data[8]
Cell gf180mcu_3v3_12t_2r2w_sram_512x32 disconnected node: r1_data[9]
Cell gf180mcu_3v3_12t_2r2w_sram_512x32 disconnected node: r1_data[10]
Cell gf180mcu_3v3_12t_2r2w_sram_512x32 disconnected node: r1_data[11]
Cell gf180mcu_3v3_12t_2r2w_sram_512x32 disconnected node: r1_data[12]
Cell gf180mcu_3v3_12t_2r2w_sram_512x32 disconnected node: r1_data[13]
Cell gf180mcu_3v3_12t_2r2w_sram_512x32 disconnected node: r1_data[14]
Cell gf180mcu_3v3_12t_2r2w_sram_512x32 disconnected node: r1_data[15]
Cell gf180mcu_3v3_12t_2r2w_sram_512x32 disconnected node: r1_data[16]
Cell gf180mcu_3v3_12t_2r2w_sram_512x32 disconnected node: r1_data[17]
Cell gf180mcu_3v3_12t_2r2w_sram_512x32 disconnected node: r1_data[18]
Cell gf180mcu_3v3_12t_2r2w_sram_512x32 disconnected node: r1_data[19]
Cell gf180mcu_3v3_12t_2r2w_sram_512x32 disconnected node: r1_data[20]
Cell gf180mcu_3v3_12t_2r2w_sram_512x32 disconnected node: r1_data[21]
Cell gf180mcu_3v3_12t_2r2w_sram_512x32 disconnected node: r1_data[22]
Cell gf180mcu_3v3_12t_2r2w_sram_512x32 disconnected node: r1_data[23]
Cell gf180mcu_3v3_12t_2r2w_sram_512x32 disconnected node: r1_data[24]
Cell gf180mcu_3v3_12t_2r2w_sram_512x32 disconnected node: r1_data[25]
Cell gf180mcu_3v3_12t_2r2w_sram_512x32 disconnected node: r1_data[26]
Cell gf180mcu_3v3_12t_2r2w_sram_512x32 disconnected node: r1_data[27]
Cell gf180mcu_3v3_12t_2r2w_sram_512x32 disconnected node: r1_data[28]
Cell gf180mcu_3v3_12t_2r2w_sram_512x32 disconnected node: r1_data[29]
Cell gf180mcu_3v3_12t_2r2w_sram_512x32 disconnected node: r1_data[30]
Cell gf180mcu_3v3_12t_2r2w_sram_512x32 disconnected node: r1_data[31]

Cell gf180mcu_3v3_12t_2r2w_sram_512x32 disconnected node: clk
Cell gf180mcu_3v3_12t_2r2w_sram_512x32 disconnected node: w0_en
Cell gf180mcu_3v3_12t_2r2w_sram_512x32 disconnected node: w1_en
Cell gf180mcu_3v3_12t_2r2w_sram_512x32 disconnected node: r0_en
Cell gf180mcu_3v3_12t_2r2w_sram_512x32 disconnected node: r1_en
Cell gf180mcu_3v3_12t_2r2w_sram_512x32 disconnected node: w0_addr[0]
Cell gf180mcu_3v3_12t_2r2w_sram_512x32 disconnected node: w0_addr[1]
Cell gf180mcu_3v3_12t_2r2w_sram_512x32 disconnected node: w0_addr[2]
Cell gf180mcu_3v3_12t_2r2w_sram_512x32 disconnected node: w0_addr[3]
Cell gf180mcu_3v3_12t_2r2w_sram_512x32 disconnected node: w0_addr[4]
Cell gf180mcu_3v3_12t_2r2w_sram_512x32 disconnected node: w0_addr[5]
Cell gf180mcu_3v3_12t_2r2w_sram_512x32 disconnected node: w0_addr[6]
Cell gf180mcu_3v3_12t_2r2w_sram_512x32 disconnected node: w0_addr[7]
Cell gf180mcu_3v3_12t_2r2w_sram_512x32 disconnected node: w0_addr[8]
Cell gf180mcu_3v3_12t_2r2w_sram_512x32 disconnected node: w1_addr[0]
Cell gf180mcu_3v3_12t_2r2w_sram_512x32 disconnected node: w1_addr[1]
Cell gf180mcu_3v3_12t_2r2w_sram_512x32 disconnected node: w1_addr[2]
Cell gf180mcu_3v3_12t_2r2w_sram_512x32 disconnected node: w1_addr[3]
Cell gf180mcu_3v3_12t_2r2w_sram_512x32 disconnected node: w1_addr[4]
Cell gf180mcu_3v3_12t_2r2w_sram_512x32 disconnected node: w1_addr[5]
Cell gf180mcu_3v3_12t_2r2w_sram_512x32 disconnected node: w1_addr[6]
Cell gf180mcu_3v3_12t_2r2w_sram_512x32 disconnected node: w1_addr[7]
Cell gf180mcu_3v3_12t_2r2w_sram_512x32 disconnected node: w1_addr[8]
Cell gf180mcu_3v3_12t_2r2w_sram_512x32 disconnected node: r0_addr[0]
Cell gf180mcu_3v3_12t_2r2w_sram_512x32 disconnected node: r0_addr[1]
Cell gf180mcu_3v3_12t_2r2w_sram_512x32 disconnected node: r0_addr[2]
Cell gf180mcu_3v3_12t_2r2w_sram_512x32 disconnected node: r0_addr[3]
Cell gf180mcu_3v3_12t_2r2w_sram_512x32 disconnected node: r0_addr[4]
Cell gf180mcu_3v3_12t_2r2w_sram_512x32 disconnected node: r0_addr[5]
Cell gf180mcu_3v3_12t_2r2w_sram_512x32 disconnected node: r0_addr[6]
Cell gf180mcu_3v3_12t_2r2w_sram_512x32 disconnected node: r0_addr[7]
Cell gf180mcu_3v3_12t_2r2w_sram_512x32 disconnected node: r0_addr[8]
Cell gf180mcu_3v3_12t_2r2w_sram_512x32 disconnected node: r1_addr[0]
Cell gf180mcu_3v3_12t_2r2w_sram_512x32 disconnected node: r1_addr[1]
Cell gf180mcu_3v3_12t_2r2w_sram_512x32 disconnected node: r1_addr[2]
Cell gf180mcu_3v3_12t_2r2w_sram_512x32 disconnected node: r1_addr[3]
Cell gf180mcu_3v3_12t_2r2w_sram_512x32 disconnected node: r1_addr[4]
Cell gf180mcu_3v3_12t_2r2w_sram_512x32 disconnected node: r1_addr[5]
Cell gf180mcu_3v3_12t_2r2w_sram_512x32 disconnected node: r1_addr[6]
Cell gf180mcu_3v3_12t_2r2w_sram_512x32 disconnected node: r1_addr[7]
Cell gf180mcu_3v3_12t_2r2w_sram_512x32 disconnected node: r1_addr[8]
Cell gf180mcu_3v3_12t_2r2w_sram_512x32 disconnected node: w0_data[0]
Cell gf180mcu_3v3_12t_2r2w_sram_512x32 disconnected node: w0_data[1]
Cell gf180mcu_3v3_12t_2r2w_sram_512x32 disconnected node: w0_data[2]
Cell gf180mcu_3v3_12t_2r2w_sram_512x32 disconnected node: w0_data[3]
Cell gf180mcu_3v3_12t_2r2w_sram_512x32 disconnected node: w0_data[4]
Cell gf180mcu_3v3_12t_2r2w_sram_512x32 disconnected node: w0_data[5]
Cell gf180mcu_3v3_12t_2r2w_sram_512x32 disconnected node: w0_data[6]
Cell gf180mcu_3v3_12t_2r2w_sram_512x32 disconnected node: w0_data[7]
Cell gf180mcu_3v3_12t_2r2w_sram_512x32 disconnected node: w0_data[8]
Cell gf180mcu_3v3_12t_2r2w_sram_512x32 disconnected node: w0_data[9]
Cell gf180mcu_3v3_12t_2r2w_sram_512x32 disconnected node: w0_data[10]
Cell gf180mcu_3v3_12t_2r2w_sram_512x32 disconnected node: w0_data[11]
Cell gf180mcu_3v3_12t_2r2w_sram_512x32 disconnected node: w0_data[12]
Cell gf180mcu_3v3_12t_2r2w_sram_512x32 disconnected node: w0_data[13]
Cell gf180mcu_3v3_12t_2r2w_sram_512x32 disconnected node: w0_data[14]
Cell gf180mcu_3v3_12t_2r2w_sram_512x32 disconnected node: w0_data[15]
Cell gf180mcu_3v3_12t_2r2w_sram_512x32 disconnected node: w0_data[16]
Cell gf180mcu_3v3_12t_2r2w_sram_512x32 disconnected node: w0_data[17]
Cell gf180mcu_3v3_12t_2r2w_sram_512x32 disconnected node: w0_data[18]
Cell gf180mcu_3v3_12t_2r2w_sram_512x32 disconnected node: w0_data[19]
Cell gf180mcu_3v3_12t_2r2w_sram_512x32 disconnected node: w0_data[20]
Cell gf180mcu_3v3_12t_2r2w_sram_512x32 disconnected node: w0_data[21]
Cell gf180mcu_3v3_12t_2r2w_sram_512x32 disconnected node: w0_data[22]
Cell gf180mcu_3v3_12t_2r2w_sram_512x32 disconnected node: w0_data[23]
Cell gf180mcu_3v3_12t_2r2w_sram_512x32 disconnected node: w0_data[24]
Cell gf180mcu_3v3_12t_2r2w_sram_512x32 disconnected node: w0_data[25]
Cell gf180mcu_3v3_12t_2r2w_sram_512x32 disconnected node: w0_data[26]
Cell gf180mcu_3v3_12t_2r2w_sram_512x32 disconnected node: w0_data[27]
Cell gf180mcu_3v3_12t_2r2w_sram_512x32 disconnected node: w0_data[28]
Cell gf180mcu_3v3_12t_2r2w_sram_512x32 disconnected node: w0_data[29]
Cell gf180mcu_3v3_12t_2r2w_sram_512x32 disconnected node: w0_data[30]
Cell gf180mcu_3v3_12t_2r2w_sram_512x32 disconnected node: w0_data[31]
Cell gf180mcu_3v3_12t_2r2w_sram_512x32 disconnected node: w1_data[0]
Cell gf180mcu_3v3_12t_2r2w_sram_512x32 disconnected node: w1_data[1]
Cell gf180mcu_3v3_12t_2r2w_sram_512x32 disconnected node: w1_data[2]
Cell gf180mcu_3v3_12t_2r2w_sram_512x32 disconnected node: w1_data[3]
Cell gf180mcu_3v3_12t_2r2w_sram_512x32 disconnected node: w1_data[4]
Cell gf180mcu_3v3_12t_2r2w_sram_512x32 disconnected node: w1_data[5]
Cell gf180mcu_3v3_12t_2r2w_sram_512x32 disconnected node: w1_data[6]
Cell gf180mcu_3v3_12t_2r2w_sram_512x32 disconnected node: w1_data[7]
Cell gf180mcu_3v3_12t_2r2w_sram_512x32 disconnected node: w1_data[8]
Cell gf180mcu_3v3_12t_2r2w_sram_512x32 disconnected node: w1_data[9]
Cell gf180mcu_3v3_12t_2r2w_sram_512x32 disconnected node: w1_data[10]
Cell gf180mcu_3v3_12t_2r2w_sram_512x32 disconnected node: w1_data[11]
Cell gf180mcu_3v3_12t_2r2w_sram_512x32 disconnected node: w1_data[12]
Cell gf180mcu_3v3_12t_2r2w_sram_512x32 disconnected node: w1_data[13]
Cell gf180mcu_3v3_12t_2r2w_sram_512x32 disconnected node: w1_data[14]
Cell gf180mcu_3v3_12t_2r2w_sram_512x32 disconnected node: w1_data[15]
Cell gf180mcu_3v3_12t_2r2w_sram_512x32 disconnected node: w1_data[16]
Cell gf180mcu_3v3_12t_2r2w_sram_512x32 disconnected node: w1_data[17]
Cell gf180mcu_3v3_12t_2r2w_sram_512x32 disconnected node: w1_data[18]
Cell gf180mcu_3v3_12t_2r2w_sram_512x32 disconnected node: w1_data[19]
Cell gf180mcu_3v3_12t_2r2w_sram_512x32 disconnected node: w1_data[20]
Cell gf180mcu_3v3_12t_2r2w_sram_512x32 disconnected node: w1_data[21]
Cell gf180mcu_3v3_12t_2r2w_sram_512x32 disconnected node: w1_data[22]
Cell gf180mcu_3v3_12t_2r2w_sram_512x32 disconnected node: w1_data[23]
Cell gf180mcu_3v3_12t_2r2w_sram_512x32 disconnected node: w1_data[24]
Cell gf180mcu_3v3_12t_2r2w_sram_512x32 disconnected node: w1_data[25]
Cell gf180mcu_3v3_12t_2r2w_sram_512x32 disconnected node: w1_data[26]
Cell gf180mcu_3v3_12t_2r2w_sram_512x32 disconnected node: w1_data[27]
Cell gf180mcu_3v3_12t_2r2w_sram_512x32 disconnected node: w1_data[28]
Cell gf180mcu_3v3_12t_2r2w_sram_512x32 disconnected node: w1_data[29]
Cell gf180mcu_3v3_12t_2r2w_sram_512x32 disconnected node: w1_data[30]
Cell gf180mcu_3v3_12t_2r2w_sram_512x32 disconnected node: w1_data[31]
Cell gf180mcu_3v3_12t_2r2w_sram_512x32 disconnected node: r0_data[0]
Cell gf180mcu_3v3_12t_2r2w_sram_512x32 disconnected node: r0_data[1]
Cell gf180mcu_3v3_12t_2r2w_sram_512x32 disconnected node: r0_data[2]
Cell gf180mcu_3v3_12t_2r2w_sram_512x32 disconnected node: r0_data[3]
Cell gf180mcu_3v3_12t_2r2w_sram_512x32 disconnected node: r0_data[4]
Cell gf180mcu_3v3_12t_2r2w_sram_512x32 disconnected node: r0_data[5]
Cell gf180mcu_3v3_12t_2r2w_sram_512x32 disconnected node: r0_data[6]
Cell gf180mcu_3v3_12t_2r2w_sram_512x32 disconnected node: r0_data[7]
Cell gf180mcu_3v3_12t_2r2w_sram_512x32 disconnected node: r0_data[8]
Cell gf180mcu_3v3_12t_2r2w_sram_512x32 disconnected node: r0_data[9]
Cell gf180mcu_3v3_12t_2r2w_sram_512x32 disconnected node: r0_data[10]
Cell gf180mcu_3v3_12t_2r2w_sram_512x32 disconnected node: r0_data[11]
Cell gf180mcu_3v3_12t_2r2w_sram_512x32 disconnected node: r0_data[12]
Cell gf180mcu_3v3_12t_2r2w_sram_512x32 disconnected node: r0_data[13]
Cell gf180mcu_3v3_12t_2r2w_sram_512x32 disconnected node: r0_data[14]
Cell gf180mcu_3v3_12t_2r2w_sram_512x32 disconnected node: r0_data[15]
Cell gf180mcu_3v3_12t_2r2w_sram_512x32 disconnected node: r0_data[16]
Cell gf180mcu_3v3_12t_2r2w_sram_512x32 disconnected node: r0_data[17]
Cell gf180mcu_3v3_12t_2r2w_sram_512x32 disconnected node: r0_data[18]
Cell gf180mcu_3v3_12t_2r2w_sram_512x32 disconnected node: r0_data[19]
Cell gf180mcu_3v3_12t_2r2w_sram_512x32 disconnected node: r0_data[20]
Cell gf180mcu_3v3_12t_2r2w_sram_512x32 disconnected node: r0_data[21]
Cell gf180mcu_3v3_12t_2r2w_sram_512x32 disconnected node: r0_data[22]
Cell gf180mcu_3v3_12t_2r2w_sram_512x32 disconnected node: r0_data[23]
Cell gf180mcu_3v3_12t_2r2w_sram_512x32 disconnected node: r0_data[24]
Cell gf180mcu_3v3_12t_2r2w_sram_512x32 disconnected node: r0_data[25]
Cell gf180mcu_3v3_12t_2r2w_sram_512x32 disconnected node: r0_data[26]
Cell gf180mcu_3v3_12t_2r2w_sram_512x32 disconnected node: r0_data[27]
Cell gf180mcu_3v3_12t_2r2w_sram_512x32 disconnected node: r0_data[28]
Cell gf180mcu_3v3_12t_2r2w_sram_512x32 disconnected node: r0_data[29]
Cell gf180mcu_3v3_12t_2r2w_sram_512x32 disconnected node: r0_data[30]
Cell gf180mcu_3v3_12t_2r2w_sram_512x32 disconnected node: r0_data[31]
Cell gf180mcu_3v3_12t_2r2w_sram_512x32 disconnected node: r1_data[0]
Cell gf180mcu_3v3_12t_2r2w_sram_512x32 disconnected node: r1_data[1]
Cell gf180mcu_3v3_12t_2r2w_sram_512x32 disconnected node: r1_data[2]
Cell gf180mcu_3v3_12t_2r2w_sram_512x32 disconnected node: r1_data[3]
Cell gf180mcu_3v3_12t_2r2w_sram_512x32 disconnected node: r1_data[4]
Cell gf180mcu_3v3_12t_2r2w_sram_512x32 disconnected node: r1_data[5]
Cell gf180mcu_3v3_12t_2r2w_sram_512x32 disconnected node: r1_data[6]
Cell gf180mcu_3v3_12t_2r2w_sram_512x32 disconnected node: r1_data[7]
Cell gf180mcu_3v3_12t_2r2w_sram_512x32 disconnected node: r1_data[8]
Cell gf180mcu_3v3_12t_2r2w_sram_512x32 disconnected node: r1_data[9]
Cell gf180mcu_3v3_12t_2r2w_sram_512x32 disconnected node: r1_data[10]
Cell gf180mcu_3v3_12t_2r2w_sram_512x32 disconnected node: r1_data[11]
Cell gf180mcu_3v3_12t_2r2w_sram_512x32 disconnected node: r1_data[12]
Cell gf180mcu_3v3_12t_2r2w_sram_512x32 disconnected node: r1_data[13]
Cell gf180mcu_3v3_12t_2r2w_sram_512x32 disconnected node: r1_data[14]
Cell gf180mcu_3v3_12t_2r2w_sram_512x32 disconnected node: r1_data[15]
Cell gf180mcu_3v3_12t_2r2w_sram_512x32 disconnected node: r1_data[16]
Cell gf180mcu_3v3_12t_2r2w_sram_512x32 disconnected node: r1_data[17]
Cell gf180mcu_3v3_12t_2r2w_sram_512x32 disconnected node: r1_data[18]
Cell gf180mcu_3v3_12t_2r2w_sram_512x32 disconnected node: r1_data[19]
Cell gf180mcu_3v3_12t_2r2w_sram_512x32 disconnected node: r1_data[20]
Cell gf180mcu_3v3_12t_2r2w_sram_512x32 disconnected node: r1_data[21]
Cell gf180mcu_3v3_12t_2r2w_sram_512x32 disconnected node: r1_data[22]
Cell gf180mcu_3v3_12t_2r2w_sram_512x32 disconnected node: r1_data[23]
Cell gf180mcu_3v3_12t_2r2w_sram_512x32 disconnected node: r1_data[24]
Cell gf180mcu_3v3_12t_2r2w_sram_512x32 disconnected node: r1_data[25]
Cell gf180mcu_3v3_12t_2r2w_sram_512x32 disconnected node: r1_data[26]
Cell gf180mcu_3v3_12t_2r2w_sram_512x32 disconnected node: r1_data[27]
Cell gf180mcu_3v3_12t_2r2w_sram_512x32 disconnected node: r1_data[28]
Cell gf180mcu_3v3_12t_2r2w_sram_512x32 disconnected node: r1_data[29]
Cell gf180mcu_3v3_12t_2r2w_sram_512x32 disconnected node: r1_data[30]
Cell gf180mcu_3v3_12t_2r2w_sram_512x32 disconnected node: r1_data[31]

Subcircuit summary:
Circuit 1: gf180mcu_3v3_12t_2r2w_sram_512x |Circuit 2: gf180mcu_3v3_12t_2r2w_sram_512x 
-------------------------------------------|-------------------------------------------
detronyx_12t_2w2r_rc4_4x4_routed_5layer_di |detronyx_12t_2w2r_rc4_4x4_routed_5layer_di 
Number of devices: 1024                    |Number of devices: 1024                    
Number of nets: 40963                      |Number of nets: 40963                      
---------------------------------------------------------------------------------------
Netlists match uniquely.
Circuits match correctly.

Subcircuit pins:
Circuit 1: gf180mcu_3v3_12t_2r2w_sram_512x |Circuit 2: gf180mcu_3v3_12t_2r2w_sram_512x 
-------------------------------------------|-------------------------------------------
VDD                                        |VDD                                        
VSS                                        |VSS                                        
clk                                        |clk                                        
w0_en                                      |w0_en                                      
w1_en                                      |w1_en                                      
r0_en                                      |r0_en                                      
r1_en                                      |r1_en                                      
w0_addr[0]                                 |w0_addr[0]                                 
w0_addr[1]                                 |w0_addr[1]                                 
w0_addr[2]                                 |w0_addr[2]                                 
w0_addr[3]                                 |w0_addr[3]                                 
w0_addr[4]                                 |w0_addr[4]                                 
w0_addr[5]                                 |w0_addr[5]                                 
w0_addr[6]                                 |w0_addr[6]                                 
w0_addr[7]                                 |w0_addr[7]                                 
w0_addr[8]                                 |w0_addr[8]                                 
w1_addr[0]                                 |w1_addr[0]                                 
w1_addr[1]                                 |w1_addr[1]                                 
w1_addr[2]                                 |w1_addr[2]                                 
w1_addr[3]                                 |w1_addr[3]                                 
w1_addr[4]                                 |w1_addr[4]                                 
w1_addr[5]                                 |w1_addr[5]                                 
w1_addr[6]                                 |w1_addr[6]                                 
w1_addr[7]                                 |w1_addr[7]                                 
w1_addr[8]                                 |w1_addr[8]                                 
r0_addr[0]                                 |r0_addr[0]                                 
r0_addr[1]                                 |r0_addr[1]                                 
r0_addr[2]                                 |r0_addr[2]                                 
r0_addr[3]                                 |r0_addr[3]                                 
r0_addr[4]                                 |r0_addr[4]                                 
r0_addr[5]                                 |r0_addr[5]                                 
r0_addr[6]                                 |r0_addr[6]                                 
r0_addr[7]                                 |r0_addr[7]                                 
r0_addr[8]                                 |r0_addr[8]                                 
r1_addr[0]                                 |r1_addr[0]                                 
r1_addr[1]                                 |r1_addr[1]                                 
r1_addr[2]                                 |r1_addr[2]                                 
r1_addr[3]                                 |r1_addr[3]                                 
r1_addr[4]                                 |r1_addr[4]                                 
r1_addr[5]                                 |r1_addr[5]                                 
r1_addr[6]                                 |r1_addr[6]                                 
r1_addr[7]                                 |r1_addr[7]                                 
r1_addr[8]                                 |r1_addr[8]                                 
w0_data[0]                                 |w0_data[0]                                 
w0_data[1]                                 |w0_data[1]                                 
w0_data[2]                                 |w0_data[2]                                 
w0_data[3]                                 |w0_data[3]                                 
w0_data[4]                                 |w0_data[4]                                 
w0_data[5]                                 |w0_data[5]                                 
w0_data[6]                                 |w0_data[6]                                 
w0_data[7]                                 |w0_data[7]                                 
w0_data[8]                                 |w0_data[8]                                 
w0_data[9]                                 |w0_data[9]                                 
w0_data[10]                                |w0_data[10]                                
w0_data[11]                                |w0_data[11]                                
w0_data[12]                                |w0_data[12]                                
w0_data[13]                                |w0_data[13]                                
w0_data[14]                                |w0_data[14]                                
w0_data[15]                                |w0_data[15]                                
w0_data[16]                                |w0_data[16]                                
w0_data[17]                                |w0_data[17]                                
w0_data[18]                                |w0_data[18]                                
w0_data[19]                                |w0_data[19]                                
w0_data[20]                                |w0_data[20]                                
w0_data[21]                                |w0_data[21]                                
w0_data[22]                                |w0_data[22]                                
w0_data[23]                                |w0_data[23]                                
w0_data[24]                                |w0_data[24]                                
w0_data[25]                                |w0_data[25]                                
w0_data[26]                                |w0_data[26]                                
w0_data[27]                                |w0_data[27]                                
w0_data[28]                                |w0_data[28]                                
w0_data[29]                                |w0_data[29]                                
w0_data[30]                                |w0_data[30]                                
w0_data[31]                                |w0_data[31]                                
w1_data[0]                                 |w1_data[0]                                 
w1_data[1]                                 |w1_data[1]                                 
w1_data[2]                                 |w1_data[2]                                 
w1_data[3]                                 |w1_data[3]                                 
w1_data[4]                                 |w1_data[4]                                 
w1_data[5]                                 |w1_data[5]                                 
w1_data[6]                                 |w1_data[6]                                 
w1_data[7]                                 |w1_data[7]                                 
w1_data[8]                                 |w1_data[8]                                 
w1_data[9]                                 |w1_data[9]                                 
w1_data[10]                                |w1_data[10]                                
w1_data[11]                                |w1_data[11]                                
w1_data[12]                                |w1_data[12]                                
w1_data[13]                                |w1_data[13]                                
w1_data[14]                                |w1_data[14]                                
w1_data[15]                                |w1_data[15]                                
w1_data[16]                                |w1_data[16]                                
w1_data[17]                                |w1_data[17]                                
w1_data[18]                                |w1_data[18]                                
w1_data[19]                                |w1_data[19]                                
w1_data[20]                                |w1_data[20]                                
w1_data[21]                                |w1_data[21]                                
w1_data[22]                                |w1_data[22]                                
w1_data[23]                                |w1_data[23]                                
w1_data[24]                                |w1_data[24]                                
w1_data[25]                                |w1_data[25]                                
w1_data[26]                                |w1_data[26]                                
w1_data[27]                                |w1_data[27]                                
w1_data[28]                                |w1_data[28]                                
w1_data[29]                                |w1_data[29]                                
w1_data[30]                                |w1_data[30]                                
w1_data[31]                                |w1_data[31]                                
r0_data[0]                                 |r0_data[0]                                 
r0_data[1]                                 |r0_data[1]                                 
r0_data[2]                                 |r0_data[2]                                 
r0_data[3]                                 |r0_data[3]                                 
r0_data[4]                                 |r0_data[4]                                 
r0_data[5]                                 |r0_data[5]                                 
r0_data[6]                                 |r0_data[6]                                 
r0_data[7]                                 |r0_data[7]                                 
r0_data[8]                                 |r0_data[8]                                 
r0_data[9]                                 |r0_data[9]                                 
r0_data[10]                                |r0_data[10]                                
r0_data[11]                                |r0_data[11]                                
r0_data[12]                                |r0_data[12]                                
r0_data[13]                                |r0_data[13]                                
r0_data[14]                                |r0_data[14]                                
r0_data[15]                                |r0_data[15]                                
r0_data[16]                                |r0_data[16]                                
r0_data[17]                                |r0_data[17]                                
r0_data[18]                                |r0_data[18]                                
r0_data[19]                                |r0_data[19]                                
r0_data[20]                                |r0_data[20]                                
r0_data[21]                                |r0_data[21]                                
r0_data[22]                                |r0_data[22]                                
r0_data[23]                                |r0_data[23]                                
r0_data[24]                                |r0_data[24]                                
r0_data[25]                                |r0_data[25]                                
r0_data[26]                                |r0_data[26]                                
r0_data[27]                                |r0_data[27]                                
r0_data[28]                                |r0_data[28]                                
r0_data[29]                                |r0_data[29]                                
r0_data[30]                                |r0_data[30]                                
r0_data[31]                                |r0_data[31]                                
r1_data[0]                                 |r1_data[0]                                 
r1_data[1]                                 |r1_data[1]                                 
r1_data[2]                                 |r1_data[2]                                 
r1_data[3]                                 |r1_data[3]                                 
r1_data[4]                                 |r1_data[4]                                 
r1_data[5]                                 |r1_data[5]                                 
r1_data[6]                                 |r1_data[6]                                 
r1_data[7]                                 |r1_data[7]                                 
r1_data[8]                                 |r1_data[8]                                 
r1_data[9]                                 |r1_data[9]                                 
r1_data[10]                                |r1_data[10]                                
r1_data[11]                                |r1_data[11]                                
r1_data[12]                                |r1_data[12]                                
r1_data[13]                                |r1_data[13]                                
r1_data[14]                                |r1_data[14]                                
r1_data[15]                                |r1_data[15]                                
r1_data[16]                                |r1_data[16]                                
r1_data[17]                                |r1_data[17]                                
r1_data[18]                                |r1_data[18]                                
r1_data[19]                                |r1_data[19]                                
r1_data[20]                                |r1_data[20]                                
r1_data[21]                                |r1_data[21]                                
r1_data[22]                                |r1_data[22]                                
r1_data[23]                                |r1_data[23]                                
r1_data[24]                                |r1_data[24]                                
r1_data[25]                                |r1_data[25]                                
r1_data[26]                                |r1_data[26]                                
r1_data[27]                                |r1_data[27]                                
r1_data[28]                                |r1_data[28]                                
r1_data[29]                                |r1_data[29]                                
r1_data[30]                                |r1_data[30]                                
r1_data[31]                                |r1_data[31]                                
---------------------------------------------------------------------------------------
Cell pin lists are equivalent.
Device classes gf180mcu_3v3_12t_2r2w_sram_512x32 and gf180mcu_3v3_12t_2r2w_sram_512x32 are equivalent.
Circuits match uniquely.
